MPLINK 4.35, Linker
Linker Map File - Created Tue Aug 25 21:46:55 2020

                                 Section Info
                  Section       Type    Address   Location Size(Bytes)
                ---------  ---------  ---------  ---------  ---------
               _entry_scn       code   0x000000    program   0x000006
       .code__user_putc.o       code   0x000006    program   0x000002
              high_vector       code   0x000008    program   0x000006
                   .cinit    romdata   0x00000e    program   0x00003e
       .code_wifimodule.o       code   0x00004c    program   0x000fae
         .code_vfprintf.o       code   0x000ffa    program   0x000c22
      .code_ProjectMain.o       code   0x001c1c    program   0x000938
             .stringtable    romdata   0x002554    program   0x0005e2
              .code_ADC.o       code   0x002b36    program   0x000374
              .code_LCD.o       code   0x002eaa    program   0x0002c8
     .code_serial_codes.o       code   0x003172    program   0x00026c
             .code_main.o       code   0x0033de    program   0x0001f2
            .code_delay.o       code   0x0035d0    program   0x00011a
             .code_Math.o       code   0x0036ea    program   0x000106
                   STDLIB       code   0x0037f0    program   0x0000ea
                   STRING       code   0x0038da    program   0x0000de
          .code_sprintf.o       code   0x0039b8    program   0x0000ac
               _cinit_scn       code   0x003a64    program   0x00009e
           .code_printf.o       code   0x003b02    program   0x000098
           .code_t2open.o       code   0x003b9a    program   0x000084
             .code_putc.o       code   0x003c1e    program   0x000084
          .code_fxm3232.o       code   0x003ca2    program   0x000070
                     PROG       code   0x003d12    program   0x00005a
         .code_fxd3232u.o       code   0x003d6c    program   0x000048
          .code_support.o       code   0x003db4    program   0x000046
                    CTYPE       code   0x003dfa    program   0x000024
                    .code       code   0x003e1e    program   0x000020
             _startup_scn       code   0x003e3e    program   0x00001c
                    STDIO       code   0x003e5a    program   0x00001c
      .romdata_vfprintf.o    romdata   0x003e76    program   0x000011
        .romdata___init.o    romdata   0x003e87    program   0x000000
        .idata_printf.o_i    romdata   0x003e87    program   0x000000
        .idata___init.o_i    romdata   0x003e87    program   0x000000
        .romdata_printf.o    romdata   0x003e87    program   0x000000
    .romdata_wifimodule.o    romdata   0x003e87    program   0x000000
       .idata_sprintf.o_i    romdata   0x003e87    program   0x000000
       .romdata_sprintf.o    romdata   0x003e87    program   0x000000
        .romdata_stdout.o    romdata   0x003e87    program   0x000000
      .idata_vfprintf.o_i    romdata   0x003e87    program   0x000000
      .idata_fxd3232u.o_i    romdata   0x003e87    program   0x000000
      .romdata_fxd3232u.o    romdata   0x003e87    program   0x000000
       .idata_fxm3232.o_i    romdata   0x003e87    program   0x000000
       .romdata_fxm3232.o    romdata   0x003e87    program   0x000000
          .idata_putc.o_i    romdata   0x003e87    program   0x000000
          .romdata_putc.o    romdata   0x003e87    program   0x000000
    .idata__user_putc.o_i    romdata   0x003e87    program   0x000000
    .romdata__user_putc.o    romdata   0x003e87    program   0x000000
         .romdata_delay.o    romdata   0x003e87    program   0x000000
           .idata_LCD.o_i    romdata   0x003e87    program   0x000000
           .romdata_LCD.o    romdata   0x003e87    program   0x000000
         .idata_delay.o_i    romdata   0x003e87    program   0x000000
          .romdata_main.o    romdata   0x003e87    program   0x000000
 .romdata_clock_setting.o    romdata   0x003e87    program   0x000000
 .idata_clock_setting.o_i    romdata   0x003e87    program   0x000000
           .romdata_ADC.o    romdata   0x003e87    program   0x000000
           .idata_ADC.o_i    romdata   0x003e87    program   0x000000
          .idata_Math.o_i    romdata   0x003e87    program   0x000000
          .romdata_Math.o    romdata   0x003e87    program   0x000000
         .romdata_c018i.o    romdata   0x003e87    program   0x000000
   .romdata_ProjectMain.o    romdata   0x003e87    program   0x000000
  .idata_serial_codes.o_i    romdata   0x003e87    program   0x000000
  .romdata_serial_codes.o    romdata   0x003e87    program   0x000000
       .idata_support.o_i    romdata   0x003e87    program   0x000000
       .romdata_support.o    romdata   0x003e87    program   0x000000
       .idata_t2close.o_i    romdata   0x003e87    program   0x000000
       .romdata_t2close.o    romdata   0x003e87    program   0x000000
        .idata_t2open.o_i    romdata   0x003e87    program   0x000000
        .romdata_t2open.o    romdata   0x003e87    program   0x000000
         .idata_c018i.o_i    romdata   0x003e87    program   0x000000
            .code_c018i.o       code   0x003e88    program   0x000000
           .code_stdout.o       code   0x003e88    program   0x000000
    .code_clock_setting.o       code   0x003e88    program   0x00000c
          .code_t2close.o       code   0x003e94    program   0x000006
           .code___init.o       code   0x003e9a    program   0x000002
                 idata1_i    romdata   0x003e9c    program   0x00004b
    .idata_wifimodule.o_i    romdata   0x003ee7    program   0x0000b9
        .idata_stdout.o_i    romdata   0x003fa0    program   0x000002
          .idata_main.o_i    romdata   0x003fa2    program   0x000002
   .idata_ProjectMain.o_i    romdata   0x003fa4    program   0x00001e
    .config_300001_main.o    romdata   0x300001    program   0x000001
    .config_300002_main.o    romdata   0x300002    program   0x000001
    .config_300003_main.o    romdata   0x300003    program   0x000001
    .config_300005_main.o    romdata   0x300005    program   0x000001
    .config_300006_main.o    romdata   0x300006    program   0x000001
                MATH_DATA      udata   0x000000       data   0x000014
                 .tmpdata      udata   0x000014       data   0x000007
           timer0_isr_tmp      udata   0x00001b       data   0x000003
                   udata3      udata   0x000060       data   0x00009c
            .idata_main.o      idata   0x0000fc       data   0x000002
          .udata_t2open.o      udata   0x0000fe       data   0x000001
             .udata_LCD.o      udata   0x0000ff       data   0x000001
      .idata_wifimodule.o      idata   0x000100       data   0x0000b9
     .idata_ProjectMain.o      idata   0x0001b9       data   0x00001e
                   udata1      udata   0x000200       data   0x000076
                   idata1      idata   0x000276       data   0x00004b
     .udata_ProjectMain.o      udata   0x0002c1       data   0x000022
            .udata_Math.o      udata   0x0002e3       data   0x00000d
      .idata__user_putc.o      idata   0x0002f0       data   0x000000
          .udata___init.o      udata   0x0002f0       data   0x000000
          .idata___init.o      idata   0x0002f0       data   0x000000
          .udata_printf.o      udata   0x0002f0       data   0x000000
          .idata_printf.o      idata   0x0002f0       data   0x000000
         .udata_sprintf.o      udata   0x0002f0       data   0x000000
         .idata_sprintf.o      idata   0x0002f0       data   0x000000
          .udata_stdout.o      udata   0x0002f0       data   0x000000
        .udata_vfprintf.o      udata   0x0002f0       data   0x000000
      .udata__user_putc.o      udata   0x0002f0       data   0x000000
        .idata_vfprintf.o      idata   0x0002f0       data   0x000000
        .udata_fxd3232u.o      udata   0x0002f0       data   0x000000
        .idata_fxd3232u.o      idata   0x0002f0       data   0x000000
         .udata_fxm3232.o      udata   0x0002f0       data   0x000000
         .idata_fxm3232.o      idata   0x0002f0       data   0x000000
            .idata_putc.o      idata   0x0002f0       data   0x000000
            .udata_putc.o      udata   0x0002f0       data   0x000000
             .idata_LCD.o      idata   0x0002f0       data   0x000000
            .udata_main.o      udata   0x0002f0       data   0x000000
             .idata_ADC.o      idata   0x0002f0       data   0x000000
             .udata_ADC.o      udata   0x0002f0       data   0x000000
            .idata_Math.o      idata   0x0002f0       data   0x000000
           .idata_c018i.o      idata   0x0002f0       data   0x000000
           .idata_delay.o      idata   0x0002f0       data   0x000000
    .udata_serial_codes.o      udata   0x0002f0       data   0x000000
    .idata_serial_codes.o      idata   0x0002f0       data   0x000000
         .udata_support.o      udata   0x0002f0       data   0x000000
         .idata_support.o      idata   0x0002f0       data   0x000000
         .udata_t2close.o      udata   0x0002f0       data   0x000000
         .idata_t2close.o      idata   0x0002f0       data   0x000000
           .udata_delay.o      udata   0x0002f0       data   0x000000
   .idata_clock_setting.o      idata   0x0002f0       data   0x000000
   .udata_clock_setting.o      udata   0x0002f0       data   0x000000
          .idata_t2open.o      idata   0x0002f0       data   0x000000
                   .stack      udata   0x000e00       data   0x000100
      .udata_wifimodule.o      udata   0x000f00       data   0x00002c
           .udata_c018i.o      udata   0x000f2c       data   0x00000a
          .idata_stdout.o      idata   0x000f36       data   0x000002
              SFR_BANKED0      udata   0x000f38       data   0x000028
            SFR_UNBANKED0      udata   0x000f60       data   0x0000a0



                              Program Memory Usage 
                               Start         End      
                           ---------   ---------      
                            0x000000    0x003e86      
                            0x003e88    0x003fc1      
                            0x300001    0x300003      
                            0x300005    0x300006      
            16326 out of 66584 program addresses used, program memory utilization is 24%



                              Symbols - Sorted by Name
                     Name    Address   Location    Storage File                     
                ---------  ---------  ---------  --------- ---------                
                  Bin2BCD   0x003798    program     extern G:\internship\start\Ventilator\Math.c
               CloseTimer   0x003bdc    program     extern G:\internship\start\Ventilator\t2open.c
              CloseTimer2   0x003e94    program     extern G:\internship\start\Ventilator\t2close.c
                Delay_1ms   0x0035d0    program     extern G:\internship\start\Ventilator\delay.c
              Delay_in_ms   0x003610    program     extern G:\internship\start\Ventilator\delay.c
                 FXD3232U   0x003d6c    program     extern C:\MCC18\src\traditional\math\fxd3232u.c
                 FXM1616S   0x003d12    program     extern C:\MCC18\src\traditional\math\fxm1616s.asm
                  FXM3232   0x003ca2    program     extern C:\MCC18\src\traditional\math\fxm3232.c
   FnDeviceInitialisation   0x0034d2    program     extern G:\internship\start\Ventilator\main.c
               OpenTimer2   0x003b9a    program     extern G:\internship\start\Ventilator\t2open.c
               TSIGN1616A   0x003d5e    program     static C:\MCC18\src\traditional\math\fxm1616s.asm
                   _2jEnd   0x0039a2    program     static C:\MCC18\src\traditional\stdclib\slenpgm.asm
                _Debounce   0x003db4    program     extern G:\internship\start\Ventilator\support.c
          ___for_lbl00001   0x002eda    program     static                          
          ___for_lbl00002   0x002ee4    program     static                          
          ___for_lbl00003   0x002eba    program     static                          
       ___return_lbl00000   0x003d10    program     static                          
       ___return_lbl00000   0x003db2    program     static                          
       ___return_lbl00000   0x00000c    program     static                          
       ___return_lbl00000   0x002ee4    program     static                          
       ___return_lbl00000   0x000004    program     static                          
       ___return_lbl00001   0x003e58    program     static                          
       ___return_lbl00002   0x003b00    program     static                          
       ___return_lbl00026   0x00300e    program     static                          
       ___return_lbl00027   0x003088    program     static                          
       ___return_lbl00028   0x0030ba    program     static                          
               __config_0   0x300001    program     static G:\internship\start\Ventilator\main.c
               __config_1   0x300002    program     static G:\internship\start\Ventilator\main.c
               __config_2   0x300003    program     static G:\internship\start\Ventilator\main.c
               __config_3   0x300005    program     static G:\internship\start\Ventilator\main.c
               __config_4   0x300006    program     static G:\internship\start\Ventilator\main.c
                   __init   0x003e9a    program     extern C:\MCC18\src\traditional\stdclib\__init.c
                   __pa_0   0x00193a    program     static C:\MCC18\src\traditional\stdclib\vfprintf.c
                   __pa_1   0x001942    program     static C:\MCC18\src\traditional\stdclib\vfprintf.c
                  __pa_10   0x0019f6    program     static C:\MCC18\src\traditional\stdclib\vfprintf.c
                  __pa_11   0x001a04    program     static C:\MCC18\src\traditional\stdclib\vfprintf.c
                  __pa_12   0x001a1a    program     static C:\MCC18\src\traditional\stdclib\vfprintf.c
                  __pa_13   0x001a34    program     static C:\MCC18\src\traditional\stdclib\vfprintf.c
                  __pa_14   0x001a4c    program     static C:\MCC18\src\traditional\stdclib\vfprintf.c
                  __pa_15   0x001a5c    program     static C:\MCC18\src\traditional\stdclib\vfprintf.c
                  __pa_16   0x001a72    program     static C:\MCC18\src\traditional\stdclib\vfprintf.c
                  __pa_17   0x001a84    program     static C:\MCC18\src\traditional\stdclib\vfprintf.c
                  __pa_18   0x001a96    program     static C:\MCC18\src\traditional\stdclib\vfprintf.c
                  __pa_19   0x001aa0    program     static C:\MCC18\src\traditional\stdclib\vfprintf.c
                   __pa_2   0x00194c    program     static C:\MCC18\src\traditional\stdclib\vfprintf.c
                  __pa_20   0x001ab0    program     static C:\MCC18\src\traditional\stdclib\vfprintf.c
                  __pa_21   0x001ac0    program     static C:\MCC18\src\traditional\stdclib\vfprintf.c
                  __pa_22   0x001ad0    program     static C:\MCC18\src\traditional\stdclib\vfprintf.c
                  __pa_23   0x001adc    program     static C:\MCC18\src\traditional\stdclib\vfprintf.c
                  __pa_24   0x001aea    program     static C:\MCC18\src\traditional\stdclib\vfprintf.c
                  __pa_25   0x001af2    program     static C:\MCC18\src\traditional\stdclib\vfprintf.c
                  __pa_26   0x001afc    program     static C:\MCC18\src\traditional\stdclib\vfprintf.c
                  __pa_27   0x001b06    program     static C:\MCC18\src\traditional\stdclib\vfprintf.c
                  __pa_28   0x001b0e    program     static C:\MCC18\src\traditional\stdclib\vfprintf.c
                  __pa_29   0x001b1c    program     static C:\MCC18\src\traditional\stdclib\vfprintf.c
                   __pa_3   0x001956    program     static C:\MCC18\src\traditional\stdclib\vfprintf.c
                  __pa_30   0x001b38    program     static C:\MCC18\src\traditional\stdclib\vfprintf.c
                  __pa_31   0x001b52    program     static C:\MCC18\src\traditional\stdclib\vfprintf.c
                  __pa_32   0x001b6c    program     static C:\MCC18\src\traditional\stdclib\vfprintf.c
                  __pa_33   0x001b84    program     static C:\MCC18\src\traditional\stdclib\vfprintf.c
                  __pa_34   0x001b8e    program     static C:\MCC18\src\traditional\stdclib\vfprintf.c
                  __pa_35   0x001b9c    program     static C:\MCC18\src\traditional\stdclib\vfprintf.c
                  __pa_36   0x001ba4    program     static C:\MCC18\src\traditional\stdclib\vfprintf.c
                  __pa_37   0x001bae    program     static C:\MCC18\src\traditional\stdclib\vfprintf.c
                  __pa_38   0x001bbe    program     static C:\MCC18\src\traditional\stdclib\vfprintf.c
                  __pa_39   0x001bcc    program     static C:\MCC18\src\traditional\stdclib\vfprintf.c
                   __pa_4   0x00196e    program     static C:\MCC18\src\traditional\stdclib\vfprintf.c
                  __pa_40   0x001bd8    program     static C:\MCC18\src\traditional\stdclib\vfprintf.c
                  __pa_41   0x001be4    program     static C:\MCC18\src\traditional\stdclib\vfprintf.c
                  __pa_42   0x001bec    program     static C:\MCC18\src\traditional\stdclib\vfprintf.c
                  __pa_43   0x001bf6    program     static C:\MCC18\src\traditional\stdclib\vfprintf.c
                  __pa_44   0x001bfc    program     static C:\MCC18\src\traditional\stdclib\vfprintf.c
                  __pa_45   0x001c06    program     static C:\MCC18\src\traditional\stdclib\vfprintf.c
                  __pa_46   0x001c12    program     static C:\MCC18\src\traditional\stdclib\vfprintf.c
                   __pa_5   0x001982    program     static C:\MCC18\src\traditional\stdclib\vfprintf.c
                   __pa_6   0x00199e    program     static C:\MCC18\src\traditional\stdclib\vfprintf.c
                   __pa_7   0x0019a8    program     static C:\MCC18\src\traditional\stdclib\vfprintf.c
                   __pa_8   0x0019b4    program     static C:\MCC18\src\traditional\stdclib\vfprintf.c
                   __pa_9   0x0019d6    program     static C:\MCC18\src\traditional\stdclib\vfprintf.c
               __string_0   0x002584    program     static G:\internship\start\Ventilator\main.c
               __string_1   0x002576    program     static G:\internship\start\Ventilator\main.c
              __string_10   0x0028b3    program     static G:\internship\start\Ventilator\ProjectMain.c
              __string_11   0x002894    program     static G:\internship\start\Ventilator\ProjectMain.c
              __string_12   0x002b32    program     static G:\internship\start\Ventilator\wifimodule.c
              __string_12   0x002879    program     static G:\internship\start\Ventilator\ProjectMain.c
              __string_13   0x002857    program     static G:\internship\start\Ventilator\ProjectMain.c
              __string_13   0x002b11    program     static G:\internship\start\Ventilator\wifimodule.c
              __string_14   0x00282f    program     static G:\internship\start\Ventilator\ProjectMain.c
              __string_15   0x002803    program     static G:\internship\start\Ventilator\ProjectMain.c
              __string_16   0x0027c4    program     static G:\internship\start\Ventilator\ProjectMain.c
              __string_17   0x0027a9    program     static G:\internship\start\Ventilator\ProjectMain.c
              __string_18   0x0027a7    program     static G:\internship\start\Ventilator\ProjectMain.c
              __string_19   0x002783    program     static G:\internship\start\Ventilator\ProjectMain.c
               __string_2   0x0029ce    program     static G:\internship\start\Ventilator\ProjectMain.c
               __string_2   0x002565    program     static G:\internship\start\Ventilator\main.c
              __string_20   0x00276a    program     static G:\internship\start\Ventilator\ProjectMain.c
              __string_21   0x002b0e    program     static G:\internship\start\Ventilator\wifimodule.c
              __string_21   0x002750    program     static G:\internship\start\Ventilator\ProjectMain.c
              __string_22   0x00273a    program     static G:\internship\start\Ventilator\ProjectMain.c
              __string_23   0x002723    program     static G:\internship\start\Ventilator\ProjectMain.c
              __string_24   0x002716    program     static G:\internship\start\Ventilator\ProjectMain.c
              __string_25   0x002b01    program     static G:\internship\start\Ventilator\wifimodule.c
              __string_25   0x0026f4    program     static G:\internship\start\Ventilator\ProjectMain.c
              __string_26   0x002ae0    program     static G:\internship\start\Ventilator\wifimodule.c
              __string_26   0x0026ce    program     static G:\internship\start\Ventilator\ProjectMain.c
              __string_27   0x002ace    program     static G:\internship\start\Ventilator\wifimodule.c
              __string_27   0x0026bd    program     static G:\internship\start\Ventilator\ProjectMain.c
              __string_28   0x0026a6    program     static G:\internship\start\Ventilator\ProjectMain.c
              __string_28   0x002abe    program     static G:\internship\start\Ventilator\wifimodule.c
              __string_29   0x002680    program     static G:\internship\start\Ventilator\ProjectMain.c
              __string_29   0x002aab    program     static G:\internship\start\Ventilator\wifimodule.c
               __string_3   0x00298b    program     static G:\internship\start\Ventilator\ProjectMain.c
               __string_3   0x002554    program     static G:\internship\start\Ventilator\main.c
              __string_30   0x002a93    program     static G:\internship\start\Ventilator\wifimodule.c
              __string_30   0x00265d    program     static G:\internship\start\Ventilator\ProjectMain.c
              __string_31   0x002a57    program     static G:\internship\start\Ventilator\wifimodule.c
              __string_31   0x00264b    program     static G:\internship\start\Ventilator\ProjectMain.c
              __string_32   0x002a4c    program     static G:\internship\start\Ventilator\wifimodule.c
              __string_32   0x00263d    program     static G:\internship\start\Ventilator\ProjectMain.c
              __string_33   0x002617    program     static G:\internship\start\Ventilator\ProjectMain.c
              __string_33   0x002a41    program     static G:\internship\start\Ventilator\wifimodule.c
              __string_34   0x002a3c    program     static G:\internship\start\Ventilator\wifimodule.c
              __string_34   0x0025f0    program     static G:\internship\start\Ventilator\ProjectMain.c
              __string_35   0x002a31    program     static G:\internship\start\Ventilator\wifimodule.c
              __string_35   0x0025d1    program     static G:\internship\start\Ventilator\ProjectMain.c
              __string_36   0x0025ac    program     static G:\internship\start\Ventilator\ProjectMain.c
              __string_36   0x002a26    program     static G:\internship\start\Ventilator\wifimodule.c
              __string_37   0x002a1b    program     static G:\internship\start\Ventilator\wifimodule.c
              __string_37   0x002594    program     static G:\internship\start\Ventilator\ProjectMain.c
              __string_38   0x002a10    program     static G:\internship\start\Ventilator\wifimodule.c
              __string_39   0x002a05    program     static G:\internship\start\Ventilator\wifimodule.c
               __string_4   0x002986    program     static G:\internship\start\Ventilator\ProjectMain.c
              __string_40   0x0029fa    program     static G:\internship\start\Ventilator\wifimodule.c
               __string_5   0x002963    program     static G:\internship\start\Ventilator\ProjectMain.c
               __string_6   0x002933    program     static G:\internship\start\Ventilator\ProjectMain.c
               __string_7   0x00291e    program     static G:\internship\start\Ventilator\ProjectMain.c
               __string_8   0x0028ed    program     static G:\internship\start\Ventilator\ProjectMain.c
               __string_9   0x0028e8    program     static G:\internship\start\Ventilator\ProjectMain.c
              __tmplbl_42   0x001ad0    program     static                          
              __tmplbl_43   0x001918    program     static                          
              __tmplbl_44   0x0018fe    program     static                          
              __tmplbl_85   0x001050    program     static                          
            __zero_memory   0x003e1e    program     extern C:\MCC18\src\traditional\proc\p18F46K22.asm
                _do_cinit   0x003a64    program     extern C:\MCC18\src\traditional\startup\c018i.c
                   _entry   0x000000    program     extern C:\MCC18\src\traditional\startup\c018i.c
                   _false   0x003dae    program     static                          
                 _startup   0x003e3e    program     extern C:\MCC18\src\traditional\startup\c018i.c
              _usart_putc   0x003e5a    program     extern C:\MCC18\src\pmc_common\USART\_usartpc.asm
               _user_putc   0x000006    program     extern C:\MCC18\src\traditional\stdclib\_user_putc.c
                     atoi   0x0037f0    program     extern C:\MCC18\src\traditional\stdclib\atoi.asm
                bin_2_bcd   0x0036ea    program     extern G:\internship\start\Ventilator\Math.c
                compare_l   0x003e34    program     static C:\MCC18\src\traditional\proc\p18F46K22.asm
                copy_loop   0x003ad6    program     static                          
            copy_one_byte   0x003adc    program     static                          
    delay_in_half_seconds   0x00363c    program     extern G:\internship\start\Ventilator\delay.c
         delay_in_seconds   0x00369a    program     extern G:\internship\start\Ventilator\delay.c
                     done   0x003b00    program     static                          
             done_copying   0x003aea    program     static                          
           fnApsisTimeout   0x003bc4    program     extern G:\internship\start\Ventilator\t2open.c
                fnCipsend   0x0009de    program     extern G:\internship\start\Ventilator\wifimodule.c
 fnCollectDataFromWebsite   0x000836    program     extern G:\internship\start\Ventilator\wifimodule.c
            fnConnectToAp   0x00004c    program     extern G:\internship\start\Ventilator\wifimodule.c
       fnConnectTowebsite   0x00006c    program     extern G:\internship\start\Ventilator\wifimodule.c
    fnDCMotor_1_AntiClock   0x001c22    program     extern G:\internship\start\Ventilator\ProjectMain.c
        fnDCMotor_1_Clock   0x001c1c    program     extern G:\internship\start\Ventilator\ProjectMain.c
         fnDCMotor_1_Stop   0x001c28    program     extern G:\internship\start\Ventilator\ProjectMain.c
fnDatauploadTothingspeakwebsite   0x00008c    program     extern G:\internship\start\Ventilator\wifimodule.c
fnESPBluetoothTerminalCheckMode   0x000ff0    program     extern G:\internship\start\Ventilator\wifimodule.c
       fnExtractDataField   0x000a6c    program     extern G:\internship\start\Ventilator\wifimodule.c
         fnFieldDataMerge   0x000c14    program     extern G:\internship\start\Ventilator\wifimodule.c
 fnFieldValuesFromChannel   0x000fbe    program     extern G:\internship\start\Ventilator\wifimodule.c
fnFieldValuesFromChannels   0x000fc8    program     extern G:\internship\start\Ventilator\wifimodule.c
      fnGetRequestCommand   0x00088a    program     extern G:\internship\start\Ventilator\wifimodule.c
                fnHOSTWeb   0x000634    program     extern G:\internship\start\Ventilator\wifimodule.c
         fnIPStartCommand   0x000312    program     extern G:\internship\start\Ventilator\wifimodule.c
          fnInitializeADC   0x002baa    program     extern G:\internship\start\Ventilator\ADC.c
           fnKeepConAlive   0x0006cc    program     extern G:\internship\start\Ventilator\wifimodule.c
           fnMain_Project   0x001cba    program     extern G:\internship\start\Ventilator\ProjectMain.c
                    fnNop   0x002eaa    program     extern G:\internship\start\Ventilator\LCD.c
          fnSendAPCommand   0x0001c2    program     extern G:\internship\start\Ventilator\wifimodule.c
             fnSendAccept   0x00097e    program     extern G:\internship\start\Ventilator\wifimodule.c
     fnSendCarriageReturn   0x0002c2    program     extern G:\internship\start\Ventilator\wifimodule.c
fnSendChannelNumberAndFieldnumber   0x00090e    program     extern G:\internship\start\Ventilator\wifimodule.c
              fnSendComma   0x000282    program     extern G:\internship\start\Ventilator\wifimodule.c
          fnSendDataToWeb   0x00042e    program     extern G:\internship\start\Ventilator\wifimodule.c
  fnSendDegreeSymbolToLCD   0x003168    program     extern G:\internship\start\Ventilator\LCD.c
        fnSendDoubleQuote   0x00023e    program     extern G:\internship\start\Ventilator\wifimodule.c
      fnSendIPSENDCommand   0x0005c8    program     extern G:\internship\start\Ventilator\wifimodule.c
            fnSendNewLine   0x0002ea    program     extern G:\internship\start\Ventilator\wifimodule.c
         fnSendPortNumber   0x0003e6    program     extern G:\internship\start\Ventilator\wifimodule.c
       fnSendResetCommand   0x00016a    program     extern G:\internship\start\Ventilator\wifimodule.c
           fnSendSSIDName   0x000226    program     extern G:\internship\start\Ventilator\wifimodule.c
       fnSendSSIDPassword   0x0002aa    program     extern G:\internship\start\Ventilator\wifimodule.c
                fnSendTCP   0x000382    program     extern G:\internship\start\Ventilator\wifimodule.c
         fnSendURLWebsite   0x0003ce    program     extern G:\internship\start\Ventilator\wifimodule.c
         fnSendWebsiteURL   0x0008f6    program     extern G:\internship\start\Ventilator\wifimodule.c
fnStepperMotor_1_AntiClockwise   0x001c8a    program     extern G:\internship\start\Ventilator\ProjectMain.c
fnStepperMotor_1_Clockwise   0x001c5a    program     extern G:\internship\start\Ventilator\ProjectMain.c
fnStepperMotor_1_UpdateToPort   0x001c2e    program     extern G:\internship\start\Ventilator\ProjectMain.c
             fnTCPRequest   0x0005ae    program     extern G:\internship\start\Ventilator\wifimodule.c
       fnTimer0Initialize   0x003bfe    program     extern G:\internship\start\Ventilator\t2open.c
        fnTransmit_Serial   0x0031f4    program     extern G:\internship\start\Ventilator\serial_codes.c
          fnUARTPutString   0x0032ba    program     extern G:\internship\start\Ventilator\serial_codes.c
           fnWifiResponse   0x0000e6    program     extern G:\internship\start\Ventilator\wifimodule.c
    fn_Display_String_LCD   0x002ef8    program     extern G:\internship\start\Ventilator\LCD.c
     fn_Initialize_Serial   0x003172    program     extern G:\internship\start\Ventilator\serial_codes.c
   fn_Set_Clock_Frequency   0x003e88    program     extern G:\internship\start\Ventilator\clock_setting.c
 fn_ch_Select_ADC_Channel   0x002bbc    program     extern G:\internship\start\Ventilator\ADC.c
         fn_clear_display   0x003150    program     extern G:\internship\start\Ventilator\LCD.c
fn_lcd_select_line_and_location   0x003112    program     extern G:\internship\start\Ventilator\LCD.c
    fnoneSecondTimerDelay   0x003bee    program     extern G:\internship\start\Ventilator\t2open.c
                fnsendGET   0x000896    program     extern G:\internship\start\Ventilator\wifimodule.c
 interrupt_at_high_vector   0x000008    program     extern G:\internship\start\Ventilator\main.c
                  isdigit   0x003dfa    program     extern C:\MCC18\src\traditional\stdclib\isdigit.asm
                     jEnd   0x0039a4    program     static C:\MCC18\src\traditional\stdclib\slenpgm.asm
                     jEnd   0x0038ae    program     static C:\MCC18\src\traditional\stdclib\atoi.asm
                     jEnd   0x003926    program     static C:\MCC18\src\traditional\stdclib\strlen.asm
                     jEnd   0x00390a    program     static C:\MCC18\src\traditional\stdclib\scpyp2r.asm
                 jEndLoop   0x003896    program     static C:\MCC18\src\traditional\stdclib\atoi.asm
               jInnerLoop   0x00394e    program     static C:\MCC18\src\traditional\stdclib\sstrrp.asm
                    jLoop   0x003848    program     static C:\MCC18\src\traditional\stdclib\atoi.asm
                    jLoop   0x003900    program     static C:\MCC18\src\traditional\stdclib\scpyp2r.asm
                    jLoop   0x00391c    program     static C:\MCC18\src\traditional\stdclib\strlen.asm
                    jLoop   0x00398c    program     static C:\MCC18\src\traditional\stdclib\slenpgm.asm
                   jMatch   0x003e1a    program     static C:\MCC18\src\traditional\stdclib\isdigit.asm
                 jNoMatch   0x003e1c    program     static C:\MCC18\src\traditional\stdclib\isdigit.asm
                 jNoMatch   0x00395e    program     static C:\MCC18\src\traditional\stdclib\sstrrp.asm
                    jNull   0x003968    program     static C:\MCC18\src\traditional\stdclib\sstrrp.asm
               jOuterLoop   0x003934    program     static C:\MCC18\src\traditional\stdclib\sstrrp.asm
                  jSkipWS   0x00381e    program     static C:\MCC18\src\traditional\stdclib\atoi.asm
                 jSkipWS1   0x003830    program     static C:\MCC18\src\traditional\stdclib\atoi.asm
                jStrMatch   0x00396c    program     static C:\MCC18\src\traditional\stdclib\sstrrp.asm
                 jTstSign   0x003834    program     static C:\MCC18\src\traditional\stdclib\atoi.asm
                jTstSign1   0x003840    program     static C:\MCC18\src\traditional\stdclib\atoi.asm
                jTstSign2   0x003846    program     static C:\MCC18\src\traditional\stdclib\atoi.asm
                jTstSign3   0x003848    program     static C:\MCC18\src\traditional\stdclib\atoi.asm
  lcd_16_2_Initialisation   0x0030bc    program     extern G:\internship\start\Ventilator\LCD.c
          lcd_dummy_write   0x00308a    program     extern G:\internship\start\Ventilator\LCD.c
        lcd_write_command   0x002fa2    program     extern G:\internship\start\Ventilator\LCD.c
           lcd_write_data   0x003010    program     extern G:\internship\start\Ventilator\LCD.c
                     loop   0x003e6a    program     static C:\MCC18\src\pmc_common\USART\_usartpc.asm
                     loop   0x003e4e    program     static                          
                     loop   0x003d7a    program     static                          
                   loop_h   0x003e2c    program     static C:\MCC18\src\traditional\proc\p18F46K22.asm
                   loop_l   0x003e36    program     static C:\MCC18\src\traditional\proc\p18F46K22.asm
                     main   0x0034cc    program     extern G:\internship\start\Ventilator\main.c
                   printf   0x003b02    program     extern C:\MCC18\src\traditional\stdclib\printf.c
                     putc   0x003c1e    program     extern C:\MCC18\src\traditional\stdclib\putc.c
                 s_digits   0x003e76    program     static C:\MCC18\src\traditional\stdclib\vfprintf.c
            s_put_n_chars   0x000ffa    program     static C:\MCC18\src\traditional\stdclib\vfprintf.c
                  sprintf   0x0039b8    program     extern C:\MCC18\src\traditional\stdclib\sprintf.c
            strcpypgm2ram   0x0038da    program     extern C:\MCC18\src\traditional\stdclib\scpyp2r.asm
                   strlen   0x00390c    program     extern C:\MCC18\src\traditional\stdclib\strlen.asm
                strlenpgm   0x00396e    program     extern C:\MCC18\src\traditional\stdclib\slenpgm.asm
             strstrrampgm   0x003928    program     extern C:\MCC18\src\traditional\stdclib\sstrrp.asm
                     test   0x003a7e    program     static                          
               timer0_isr   0x0033de    program     extern G:\internship\start\Ventilator\main.c
uchfnNonBlockingReceive_Serial   0x003346    program     extern G:\internship\start\Ventilator\serial_codes.c
      uchfnReceive_Serial   0x003236    program     extern G:\internship\start\Ventilator\serial_codes.c
       unfnReadADCChannel   0x002b36    program     extern G:\internship\start\Ventilator\ADC.c
                 vfprintf   0x001026    program     extern C:\MCC18\src\traditional\stdclib\vfprintf.c
           write_port_lcd   0x002f36    program     extern G:\internship\start\Ventilator\LCD.c
               zero_block   0x003e2c    program     static C:\MCC18\src\traditional\proc\p18F46K22.asm
                   ADCON0   0x000fc2       data     extern C:\MCC18\src\traditional\proc\p18F46K22.asm
               ADCON0bits   0x000fc2       data     extern C:\MCC18\src\traditional\proc\p18F46K22.asm
                   ADCON1   0x000fc1       data     extern C:\MCC18\src\traditional\proc\p18F46K22.asm
               ADCON1bits   0x000fc1       data     extern C:\MCC18\src\traditional\proc\p18F46K22.asm
                   ADCON2   0x000fc0       data     extern C:\MCC18\src\traditional\proc\p18F46K22.asm
               ADCON2bits   0x000fc0       data     extern C:\MCC18\src\traditional\proc\p18F46K22.asm
                    ADRES   0x000fc3       data     extern C:\MCC18\src\traditional\proc\p18F46K22.asm
                   ADRESH   0x000fc4       data     extern C:\MCC18\src\traditional\proc\p18F46K22.asm
                   ADRESL   0x000fc3       data     extern C:\MCC18\src\traditional\proc\p18F46K22.asm
                   ANSELA   0x000f38       data     extern C:\MCC18\src\traditional\proc\p18F46K22.asm
               ANSELAbits   0x000f38       data     extern C:\MCC18\src\traditional\proc\p18F46K22.asm
                   ANSELB   0x000f39       data     extern C:\MCC18\src\traditional\proc\p18F46K22.asm
               ANSELBbits   0x000f39       data     extern C:\MCC18\src\traditional\proc\p18F46K22.asm
                   ANSELC   0x000f3a       data     extern C:\MCC18\src\traditional\proc\p18F46K22.asm
               ANSELCbits   0x000f3a       data     extern C:\MCC18\src\traditional\proc\p18F46K22.asm
                   ANSELD   0x000f3b       data     extern C:\MCC18\src\traditional\proc\p18F46K22.asm
               ANSELDbits   0x000f3b       data     extern C:\MCC18\src\traditional\proc\p18F46K22.asm
                   ANSELE   0x000f3c       data     extern C:\MCC18\src\traditional\proc\p18F46K22.asm
               ANSELEbits   0x000f3c       data     extern C:\MCC18\src\traditional\proc\p18F46K22.asm
              API_POSTkey   0x00018f       data     extern G:\internship\start\Ventilator\wifimodule.c
                 BAUD1CON   0x000fb8       data     extern C:\MCC18\src\traditional\proc\p18F46K22.asm
             BAUD1CONbits   0x000fb8       data     extern C:\MCC18\src\traditional\proc\p18F46K22.asm
                 BAUD2CON   0x000f70       data     extern C:\MCC18\src\traditional\proc\p18F46K22.asm
             BAUD2CONbits   0x000f70       data     extern C:\MCC18\src\traditional\proc\p18F46K22.asm
                  BAUDCON   0x000fb8       data     extern C:\MCC18\src\traditional\proc\p18F46K22.asm
                 BAUDCON1   0x000fb8       data     extern C:\MCC18\src\traditional\proc\p18F46K22.asm
             BAUDCON1bits   0x000fb8       data     extern C:\MCC18\src\traditional\proc\p18F46K22.asm
                 BAUDCON2   0x000f70       data     extern C:\MCC18\src\traditional\proc\p18F46K22.asm
             BAUDCON2bits   0x000f70       data     extern C:\MCC18\src\traditional\proc\p18F46K22.asm
              BAUDCONbits   0x000fb8       data     extern C:\MCC18\src\traditional\proc\p18F46K22.asm
                  BAUDCTL   0x000fb8       data     extern C:\MCC18\src\traditional\proc\p18F46K22.asm
              BAUDCTLbits   0x000fb8       data     extern C:\MCC18\src\traditional\proc\p18F46K22.asm
                      BSR   0x000fe0       data     extern C:\MCC18\src\traditional\proc\p18F46K22.asm
                  CCP1CON   0x000fbd       data     extern C:\MCC18\src\traditional\proc\p18F46K22.asm
              CCP1CONbits   0x000fbd       data     extern C:\MCC18\src\traditional\proc\p18F46K22.asm
                   CCP2AS   0x000f64       data     extern C:\MCC18\src\traditional\proc\p18F46K22.asm
               CCP2ASbits   0x000f64       data     extern C:\MCC18\src\traditional\proc\p18F46K22.asm
                  CCP2CON   0x000f66       data     extern C:\MCC18\src\traditional\proc\p18F46K22.asm
              CCP2CONbits   0x000f66       data     extern C:\MCC18\src\traditional\proc\p18F46K22.asm
                   CCP3AS   0x000f5b       data     extern C:\MCC18\src\traditional\proc\p18F46K22.asm
               CCP3ASbits   0x000f5b       data     extern C:\MCC18\src\traditional\proc\p18F46K22.asm
                  CCP3CON   0x000f5d       data     extern C:\MCC18\src\traditional\proc\p18F46K22.asm
              CCP3CONbits   0x000f5d       data     extern C:\MCC18\src\traditional\proc\p18F46K22.asm
                  CCP4CON   0x000f57       data     extern C:\MCC18\src\traditional\proc\p18F46K22.asm
              CCP4CONbits   0x000f57       data     extern C:\MCC18\src\traditional\proc\p18F46K22.asm
                  CCP5CON   0x000f54       data     extern C:\MCC18\src\traditional\proc\p18F46K22.asm
              CCP5CONbits   0x000f54       data     extern C:\MCC18\src\traditional\proc\p18F46K22.asm
                    CCPR1   0x000fbe       data     extern C:\MCC18\src\traditional\proc\p18F46K22.asm
                   CCPR1H   0x000fbf       data     extern C:\MCC18\src\traditional\proc\p18F46K22.asm
                   CCPR1L   0x000fbe       data     extern C:\MCC18\src\traditional\proc\p18F46K22.asm
                    CCPR2   0x000f67       data     extern C:\MCC18\src\traditional\proc\p18F46K22.asm
                   CCPR2H   0x000f68       data     extern C:\MCC18\src\traditional\proc\p18F46K22.asm
                   CCPR2L   0x000f67       data     extern C:\MCC18\src\traditional\proc\p18F46K22.asm
                    CCPR3   0x000f5e       data     extern C:\MCC18\src\traditional\proc\p18F46K22.asm
                   CCPR3H   0x000f5f       data     extern C:\MCC18\src\traditional\proc\p18F46K22.asm
                   CCPR3L   0x000f5e       data     extern C:\MCC18\src\traditional\proc\p18F46K22.asm
                    CCPR4   0x000f58       data     extern C:\MCC18\src\traditional\proc\p18F46K22.asm
                   CCPR4H   0x000f59       data     extern C:\MCC18\src\traditional\proc\p18F46K22.asm
                   CCPR4L   0x000f58       data     extern C:\MCC18\src\traditional\proc\p18F46K22.asm
                    CCPR5   0x000f55       data     extern C:\MCC18\src\traditional\proc\p18F46K22.asm
                   CCPR5H   0x000f56       data     extern C:\MCC18\src\traditional\proc\p18F46K22.asm
                   CCPR5L   0x000f55       data     extern C:\MCC18\src\traditional\proc\p18F46K22.asm
                 CCPTMRS0   0x000f49       data     extern C:\MCC18\src\traditional\proc\p18F46K22.asm
             CCPTMRS0bits   0x000f49       data     extern C:\MCC18\src\traditional\proc\p18F46K22.asm
                 CCPTMRS1   0x000f48       data     extern C:\MCC18\src\traditional\proc\p18F46K22.asm
             CCPTMRS1bits   0x000f48       data     extern C:\MCC18\src\traditional\proc\p18F46K22.asm
                  CM12CON   0x000f77       data     extern C:\MCC18\src\traditional\proc\p18F46K22.asm
              CM12CONbits   0x000f77       data     extern C:\MCC18\src\traditional\proc\p18F46K22.asm
                   CM1CON   0x000f79       data     extern C:\MCC18\src\traditional\proc\p18F46K22.asm
                  CM1CON0   0x000f79       data     extern C:\MCC18\src\traditional\proc\p18F46K22.asm
              CM1CON0bits   0x000f79       data     extern C:\MCC18\src\traditional\proc\p18F46K22.asm
               CM1CONbits   0x000f79       data     extern C:\MCC18\src\traditional\proc\p18F46K22.asm
                   CM2CON   0x000f78       data     extern C:\MCC18\src\traditional\proc\p18F46K22.asm
                  CM2CON0   0x000f78       data     extern C:\MCC18\src\traditional\proc\p18F46K22.asm
              CM2CON0bits   0x000f78       data     extern C:\MCC18\src\traditional\proc\p18F46K22.asm
                  CM2CON1   0x000f77       data     extern C:\MCC18\src\traditional\proc\p18F46K22.asm
              CM2CON1bits   0x000f77       data     extern C:\MCC18\src\traditional\proc\p18F46K22.asm
               CM2CONbits   0x000f78       data     extern C:\MCC18\src\traditional\proc\p18F46K22.asm
                 CTMUCON0   0x000f45       data     extern C:\MCC18\src\traditional\proc\p18F46K22.asm
             CTMUCON0bits   0x000f45       data     extern C:\MCC18\src\traditional\proc\p18F46K22.asm
                 CTMUCON1   0x000f44       data     extern C:\MCC18\src\traditional\proc\p18F46K22.asm
             CTMUCON1bits   0x000f44       data     extern C:\MCC18\src\traditional\proc\p18F46K22.asm
                 CTMUCONH   0x000f45       data     extern C:\MCC18\src\traditional\proc\p18F46K22.asm
             CTMUCONHbits   0x000f45       data     extern C:\MCC18\src\traditional\proc\p18F46K22.asm
                 CTMUCONL   0x000f44       data     extern C:\MCC18\src\traditional\proc\p18F46K22.asm
             CTMUCONLbits   0x000f44       data     extern C:\MCC18\src\traditional\proc\p18F46K22.asm
                 CTMUICON   0x000f43       data     extern C:\MCC18\src\traditional\proc\p18F46K22.asm
                CTMUICONH   0x000f43       data     extern C:\MCC18\src\traditional\proc\p18F46K22.asm
            CTMUICONHbits   0x000f43       data     extern C:\MCC18\src\traditional\proc\p18F46K22.asm
             CTMUICONbits   0x000f43       data     extern C:\MCC18\src\traditional\proc\p18F46K22.asm
                  DACCON0   0x000f41       data     extern C:\MCC18\src\traditional\proc\p18F46K22.asm
              DACCON0bits   0x000f41       data     extern C:\MCC18\src\traditional\proc\p18F46K22.asm
                  DACCON1   0x000f40       data     extern C:\MCC18\src\traditional\proc\p18F46K22.asm
              DACCON1bits   0x000f40       data     extern C:\MCC18\src\traditional\proc\p18F46K22.asm
                     DDRA   0x000f92       data     extern C:\MCC18\src\traditional\proc\p18F46K22.asm
                 DDRAbits   0x000f92       data     extern C:\MCC18\src\traditional\proc\p18F46K22.asm
                     DDRB   0x000f93       data     extern C:\MCC18\src\traditional\proc\p18F46K22.asm
                 DDRBbits   0x000f93       data     extern C:\MCC18\src\traditional\proc\p18F46K22.asm
                     DDRC   0x000f94       data     extern C:\MCC18\src\traditional\proc\p18F46K22.asm
                 DDRCbits   0x000f94       data     extern C:\MCC18\src\traditional\proc\p18F46K22.asm
                     DDRD   0x000f95       data     extern C:\MCC18\src\traditional\proc\p18F46K22.asm
                 DDRDbits   0x000f95       data     extern C:\MCC18\src\traditional\proc\p18F46K22.asm
                     DDRE   0x000f96       data     extern C:\MCC18\src\traditional\proc\p18F46K22.asm
                 DDREbits   0x000f96       data     extern C:\MCC18\src\traditional\proc\p18F46K22.asm
                  ECCP1AS   0x000fb6       data     extern C:\MCC18\src\traditional\proc\p18F46K22.asm
              ECCP1ASbits   0x000fb6       data     extern C:\MCC18\src\traditional\proc\p18F46K22.asm
                  ECCP2AS   0x000f64       data     extern C:\MCC18\src\traditional\proc\p18F46K22.asm
              ECCP2ASbits   0x000f64       data     extern C:\MCC18\src\traditional\proc\p18F46K22.asm
                  ECCP3AS   0x000f5b       data     extern C:\MCC18\src\traditional\proc\p18F46K22.asm
              ECCP3ASbits   0x000f5b       data     extern C:\MCC18\src\traditional\proc\p18F46K22.asm
                   ECCPAS   0x000fb6       data     extern C:\MCC18\src\traditional\proc\p18F46K22.asm
               ECCPASbits   0x000fb6       data     extern C:\MCC18\src\traditional\proc\p18F46K22.asm
                    EEADR   0x000fa9       data     extern C:\MCC18\src\traditional\proc\p18F46K22.asm
                EEADRbits   0x000fa9       data     extern C:\MCC18\src\traditional\proc\p18F46K22.asm
                   EECON1   0x000fa6       data     extern C:\MCC18\src\traditional\proc\p18F46K22.asm
               EECON1bits   0x000fa6       data     extern C:\MCC18\src\traditional\proc\p18F46K22.asm
                   EECON2   0x000fa7       data     extern C:\MCC18\src\traditional\proc\p18F46K22.asm
                   EEDATA   0x000fa8       data     extern C:\MCC18\src\traditional\proc\p18F46K22.asm
                     FSR0   0x000fe9       data     extern C:\MCC18\src\traditional\proc\p18F46K22.asm
                    FSR0H   0x000fea       data     extern C:\MCC18\src\traditional\proc\p18F46K22.asm
                    FSR0L   0x000fe9       data     extern C:\MCC18\src\traditional\proc\p18F46K22.asm
                     FSR1   0x000fe1       data     extern C:\MCC18\src\traditional\proc\p18F46K22.asm
                    FSR1H   0x000fe2       data     extern C:\MCC18\src\traditional\proc\p18F46K22.asm
                    FSR1L   0x000fe1       data     extern C:\MCC18\src\traditional\proc\p18F46K22.asm
                     FSR2   0x000fd9       data     extern C:\MCC18\src\traditional\proc\p18F46K22.asm
                    FSR2H   0x000fda       data     extern C:\MCC18\src\traditional\proc\p18F46K22.asm
                    FSR2L   0x000fd9       data     extern C:\MCC18\src\traditional\proc\p18F46K22.asm
                   FVRCON   0x000f42       data     extern C:\MCC18\src\traditional\proc\p18F46K22.asm
               FVRCONbits   0x000f42       data     extern C:\MCC18\src\traditional\proc\p18F46K22.asm
                  HLVDCON   0x000f9c       data     extern C:\MCC18\src\traditional\proc\p18F46K22.asm
              HLVDCONbits   0x000f9c       data     extern C:\MCC18\src\traditional\proc\p18F46K22.asm
             HOST_WEBSITE   0x00017c       data     extern G:\internship\start\Ventilator\wifimodule.c
                     Hund   0x0002e5       data     extern G:\internship\start\Ventilator\Math.c
                    INDF0   0x000fef       data     extern C:\MCC18\src\traditional\proc\p18F46K22.asm
                    INDF1   0x000fe7       data     extern C:\MCC18\src\traditional\proc\p18F46K22.asm
                    INDF2   0x000fdf       data     extern C:\MCC18\src\traditional\proc\p18F46K22.asm
                   INTCON   0x000ff2       data     extern C:\MCC18\src\traditional\proc\p18F46K22.asm
                  INTCON2   0x000ff1       data     extern C:\MCC18\src\traditional\proc\p18F46K22.asm
              INTCON2bits   0x000ff1       data     extern C:\MCC18\src\traditional\proc\p18F46K22.asm
                  INTCON3   0x000ff0       data     extern C:\MCC18\src\traditional\proc\p18F46K22.asm
              INTCON3bits   0x000ff0       data     extern C:\MCC18\src\traditional\proc\p18F46K22.asm
               INTCONbits   0x000ff2       data     extern C:\MCC18\src\traditional\proc\p18F46K22.asm
                     IOCB   0x000f62       data     extern C:\MCC18\src\traditional\proc\p18F46K22.asm
                 IOCBbits   0x000f62       data     extern C:\MCC18\src\traditional\proc\p18F46K22.asm
                     IPR1   0x000f9f       data     extern C:\MCC18\src\traditional\proc\p18F46K22.asm
                 IPR1bits   0x000f9f       data     extern C:\MCC18\src\traditional\proc\p18F46K22.asm
                     IPR2   0x000fa2       data     extern C:\MCC18\src\traditional\proc\p18F46K22.asm
                 IPR2bits   0x000fa2       data     extern C:\MCC18\src\traditional\proc\p18F46K22.asm
                     IPR3   0x000fa5       data     extern C:\MCC18\src\traditional\proc\p18F46K22.asm
                 IPR3bits   0x000fa5       data     extern C:\MCC18\src\traditional\proc\p18F46K22.asm
                     IPR4   0x000f7c       data     extern C:\MCC18\src\traditional\proc\p18F46K22.asm
                 IPR4bits   0x000f7c       data     extern C:\MCC18\src\traditional\proc\p18F46K22.asm
                     IPR5   0x000f7f       data     extern C:\MCC18\src\traditional\proc\p18F46K22.asm
                 IPR5bits   0x000f7f       data     extern C:\MCC18\src\traditional\proc\p18F46K22.asm
                     LATA   0x000f89       data     extern C:\MCC18\src\traditional\proc\p18F46K22.asm
                 LATAbits   0x000f89       data     extern C:\MCC18\src\traditional\proc\p18F46K22.asm
                     LATB   0x000f8a       data     extern C:\MCC18\src\traditional\proc\p18F46K22.asm
                 LATBbits   0x000f8a       data     extern C:\MCC18\src\traditional\proc\p18F46K22.asm
                     LATC   0x000f8b       data     extern C:\MCC18\src\traditional\proc\p18F46K22.asm
                 LATCbits   0x000f8b       data     extern C:\MCC18\src\traditional\proc\p18F46K22.asm
                     LATD   0x000f8c       data     extern C:\MCC18\src\traditional\proc\p18F46K22.asm
                 LATDbits   0x000f8c       data     extern C:\MCC18\src\traditional\proc\p18F46K22.asm
                     LATE   0x000f8d       data     extern C:\MCC18\src\traditional\proc\p18F46K22.asm
                 LATEbits   0x000f8d       data     extern C:\MCC18\src\traditional\proc\p18F46K22.asm
                   LVDCON   0x000f9c       data     extern C:\MCC18\src\traditional\proc\p18F46K22.asm
               LVDCONbits   0x000f9c       data     extern C:\MCC18\src\traditional\proc\p18F46K22.asm
           Least_Sig_Byte   0x0002ef       data     extern G:\internship\start\Ventilator\Math.c
                 MAIN_URL   0x000151       data     extern G:\internship\start\Ventilator\wifimodule.c
          Middle_Sig_Byte   0x0002ee       data     extern G:\internship\start\Ventilator\Math.c
            Most_Sig_Byte   0x0002ed       data     extern G:\internship\start\Ventilator\Math.c
                   OSCCON   0x000fd3       data     extern C:\MCC18\src\traditional\proc\p18F46K22.asm
                  OSCCON2   0x000fd2       data     extern C:\MCC18\src\traditional\proc\p18F46K22.asm
              OSCCON2bits   0x000fd2       data     extern C:\MCC18\src\traditional\proc\p18F46K22.asm
               OSCCONbits   0x000fd3       data     extern C:\MCC18\src\traditional\proc\p18F46K22.asm
                  OSCTUNE   0x000f9b       data     extern C:\MCC18\src\traditional\proc\p18F46K22.asm
              OSCTUNEbits   0x000f9b       data     extern C:\MCC18\src\traditional\proc\p18F46K22.asm
                     Ones   0x0002e7       data     extern G:\internship\start\Ventilator\Math.c
                       PC   0x000ff9       data     extern C:\MCC18\src\traditional\proc\p18F46K22.asm
                      PCL   0x000ff9       data     extern C:\MCC18\src\traditional\proc\p18F46K22.asm
                   PCLATH   0x000ffa       data     extern C:\MCC18\src\traditional\proc\p18F46K22.asm
                   PCLATU   0x000ffb       data     extern C:\MCC18\src\traditional\proc\p18F46K22.asm
                     PIE1   0x000f9d       data     extern C:\MCC18\src\traditional\proc\p18F46K22.asm
                 PIE1bits   0x000f9d       data     extern C:\MCC18\src\traditional\proc\p18F46K22.asm
                     PIE2   0x000fa0       data     extern C:\MCC18\src\traditional\proc\p18F46K22.asm
                 PIE2bits   0x000fa0       data     extern C:\MCC18\src\traditional\proc\p18F46K22.asm
                     PIE3   0x000fa3       data     extern C:\MCC18\src\traditional\proc\p18F46K22.asm
                 PIE3bits   0x000fa3       data     extern C:\MCC18\src\traditional\proc\p18F46K22.asm
                     PIE4   0x000f7a       data     extern C:\MCC18\src\traditional\proc\p18F46K22.asm
                 PIE4bits   0x000f7a       data     extern C:\MCC18\src\traditional\proc\p18F46K22.asm
                     PIE5   0x000f7d       data     extern C:\MCC18\src\traditional\proc\p18F46K22.asm
                 PIE5bits   0x000f7d       data     extern C:\MCC18\src\traditional\proc\p18F46K22.asm
                     PIR1   0x000f9e       data     extern C:\MCC18\src\traditional\proc\p18F46K22.asm
                 PIR1bits   0x000f9e       data     extern C:\MCC18\src\traditional\proc\p18F46K22.asm
                     PIR2   0x000fa1       data     extern C:\MCC18\src\traditional\proc\p18F46K22.asm
                 PIR2bits   0x000fa1       data     extern C:\MCC18\src\traditional\proc\p18F46K22.asm
                     PIR3   0x000fa4       data     extern C:\MCC18\src\traditional\proc\p18F46K22.asm
                 PIR3bits   0x000fa4       data     extern C:\MCC18\src\traditional\proc\p18F46K22.asm
                     PIR4   0x000f7b       data     extern C:\MCC18\src\traditional\proc\p18F46K22.asm
                 PIR4bits   0x000f7b       data     extern C:\MCC18\src\traditional\proc\p18F46K22.asm
                     PIR5   0x000f7e       data     extern C:\MCC18\src\traditional\proc\p18F46K22.asm
                 PIR5bits   0x000f7e       data     extern C:\MCC18\src\traditional\proc\p18F46K22.asm
                   PLUSW0   0x000feb       data     extern C:\MCC18\src\traditional\proc\p18F46K22.asm
                   PLUSW1   0x000fe3       data     extern C:\MCC18\src\traditional\proc\p18F46K22.asm
                   PLUSW2   0x000fdb       data     extern C:\MCC18\src\traditional\proc\p18F46K22.asm
                     PMD0   0x000f3f       data     extern C:\MCC18\src\traditional\proc\p18F46K22.asm
                 PMD0bits   0x000f3f       data     extern C:\MCC18\src\traditional\proc\p18F46K22.asm
                     PMD1   0x000f3e       data     extern C:\MCC18\src\traditional\proc\p18F46K22.asm
                 PMD1bits   0x000f3e       data     extern C:\MCC18\src\traditional\proc\p18F46K22.asm
                     PMD2   0x000f3d       data     extern C:\MCC18\src\traditional\proc\p18F46K22.asm
                 PMD2bits   0x000f3d       data     extern C:\MCC18\src\traditional\proc\p18F46K22.asm
                    PORTA   0x000f80       data     extern C:\MCC18\src\traditional\proc\p18F46K22.asm
                PORTAbits   0x000f80       data     extern C:\MCC18\src\traditional\proc\p18F46K22.asm
                    PORTB   0x000f81       data     extern C:\MCC18\src\traditional\proc\p18F46K22.asm
                PORTBbits   0x000f81       data     extern C:\MCC18\src\traditional\proc\p18F46K22.asm
                    PORTC   0x000f82       data     extern C:\MCC18\src\traditional\proc\p18F46K22.asm
                PORTCbits   0x000f82       data     extern C:\MCC18\src\traditional\proc\p18F46K22.asm
                    PORTD   0x000f83       data     extern C:\MCC18\src\traditional\proc\p18F46K22.asm
                PORTDbits   0x000f83       data     extern C:\MCC18\src\traditional\proc\p18F46K22.asm
                    PORTE   0x000f84       data     extern C:\MCC18\src\traditional\proc\p18F46K22.asm
                PORTEbits   0x000f84       data     extern C:\MCC18\src\traditional\proc\p18F46K22.asm
                 POSTDEC0   0x000fed       data     extern C:\MCC18\src\traditional\proc\p18F46K22.asm
                 POSTDEC1   0x000fe5       data     extern C:\MCC18\src\traditional\proc\p18F46K22.asm
                 POSTDEC2   0x000fdd       data     extern C:\MCC18\src\traditional\proc\p18F46K22.asm
                 POSTINC0   0x000fee       data     extern C:\MCC18\src\traditional\proc\p18F46K22.asm
                 POSTINC1   0x000fe6       data     extern C:\MCC18\src\traditional\proc\p18F46K22.asm
                 POSTINC2   0x000fde       data     extern C:\MCC18\src\traditional\proc\p18F46K22.asm
                      PR2   0x000fbb       data     extern C:\MCC18\src\traditional\proc\p18F46K22.asm
                      PR4   0x000f52       data     extern C:\MCC18\src\traditional\proc\p18F46K22.asm
                      PR6   0x000f4b       data     extern C:\MCC18\src\traditional\proc\p18F46K22.asm
                  PREINC0   0x000fec       data     extern C:\MCC18\src\traditional\proc\p18F46K22.asm
                  PREINC1   0x000fe4       data     extern C:\MCC18\src\traditional\proc\p18F46K22.asm
                  PREINC2   0x000fdc       data     extern C:\MCC18\src\traditional\proc\p18F46K22.asm
                     PROD   0x000ff3       data     extern C:\MCC18\src\traditional\proc\p18F46K22.asm
                    PRODH   0x000ff4       data     extern C:\MCC18\src\traditional\proc\p18F46K22.asm
                    PRODL   0x000ff3       data     extern C:\MCC18\src\traditional\proc\p18F46K22.asm
                 PSTR1CON   0x000fb9       data     extern C:\MCC18\src\traditional\proc\p18F46K22.asm
             PSTR1CONbits   0x000fb9       data     extern C:\MCC18\src\traditional\proc\p18F46K22.asm
                 PSTR2CON   0x000f63       data     extern C:\MCC18\src\traditional\proc\p18F46K22.asm
             PSTR2CONbits   0x000f63       data     extern C:\MCC18\src\traditional\proc\p18F46K22.asm
                 PSTR3CON   0x000f5a       data     extern C:\MCC18\src\traditional\proc\p18F46K22.asm
             PSTR3CONbits   0x000f5a       data     extern C:\MCC18\src\traditional\proc\p18F46K22.asm
                  PSTRCON   0x000fb9       data     extern C:\MCC18\src\traditional\proc\p18F46K22.asm
              PSTRCONbits   0x000fb9       data     extern C:\MCC18\src\traditional\proc\p18F46K22.asm
                  PWM1CON   0x000fb7       data     extern C:\MCC18\src\traditional\proc\p18F46K22.asm
              PWM1CONbits   0x000fb7       data     extern C:\MCC18\src\traditional\proc\p18F46K22.asm
                  PWM2CON   0x000f65       data     extern C:\MCC18\src\traditional\proc\p18F46K22.asm
              PWM2CONbits   0x000f65       data     extern C:\MCC18\src\traditional\proc\p18F46K22.asm
                  PWM3CON   0x000f5c       data     extern C:\MCC18\src\traditional\proc\p18F46K22.asm
              PWM3CONbits   0x000f5c       data     extern C:\MCC18\src\traditional\proc\p18F46K22.asm
                   PWMCON   0x000fb7       data     extern C:\MCC18\src\traditional\proc\p18F46K22.asm
               PWMCONbits   0x000fb7       data     extern C:\MCC18\src\traditional\proc\p18F46K22.asm
                   RC1REG   0x000fae       data     extern C:\MCC18\src\traditional\proc\p18F46K22.asm
               RC1REGbits   0x000fae       data     extern C:\MCC18\src\traditional\proc\p18F46K22.asm
                   RC1STA   0x000fab       data     extern C:\MCC18\src\traditional\proc\p18F46K22.asm
               RC1STAbits   0x000fab       data     extern C:\MCC18\src\traditional\proc\p18F46K22.asm
                   RC2REG   0x000f74       data     extern C:\MCC18\src\traditional\proc\p18F46K22.asm
                   RC2STA   0x000f71       data     extern C:\MCC18\src\traditional\proc\p18F46K22.asm
               RC2STAbits   0x000f71       data     extern C:\MCC18\src\traditional\proc\p18F46K22.asm
                     RCON   0x000fd0       data     extern C:\MCC18\src\traditional\proc\p18F46K22.asm
                 RCONbits   0x000fd0       data     extern C:\MCC18\src\traditional\proc\p18F46K22.asm
                    RCREG   0x000fae       data     extern C:\MCC18\src\traditional\proc\p18F46K22.asm
                   RCREG1   0x000fae       data     extern C:\MCC18\src\traditional\proc\p18F46K22.asm
               RCREG1bits   0x000fae       data     extern C:\MCC18\src\traditional\proc\p18F46K22.asm
                   RCREG2   0x000f74       data     extern C:\MCC18\src\traditional\proc\p18F46K22.asm
                RCREGbits   0x000fae       data     extern C:\MCC18\src\traditional\proc\p18F46K22.asm
                    RCSTA   0x000fab       data     extern C:\MCC18\src\traditional\proc\p18F46K22.asm
                   RCSTA1   0x000fab       data     extern C:\MCC18\src\traditional\proc\p18F46K22.asm
               RCSTA1bits   0x000fab       data     extern C:\MCC18\src\traditional\proc\p18F46K22.asm
                   RCSTA2   0x000f71       data     extern C:\MCC18\src\traditional\proc\p18F46K22.asm
               RCSTA2bits   0x000f71       data     extern C:\MCC18\src\traditional\proc\p18F46K22.asm
                RCSTAbits   0x000fab       data     extern C:\MCC18\src\traditional\proc\p18F46K22.asm
                     SIGN   0x000000       data     extern C:\MCC18\src\traditional\math\cmath18.asm
                   SLRCON   0x000f60       data     extern C:\MCC18\src\traditional\proc\p18F46K22.asm
               SLRCONbits   0x000f60       data     extern C:\MCC18\src\traditional\proc\p18F46K22.asm
                   SP1BRG   0x000faf       data     extern C:\MCC18\src\traditional\proc\p18F46K22.asm
                  SP1BRGH   0x000fb0       data     extern C:\MCC18\src\traditional\proc\p18F46K22.asm
              SP1BRGHbits   0x000fb0       data     extern C:\MCC18\src\traditional\proc\p18F46K22.asm
               SP1BRGbits   0x000faf       data     extern C:\MCC18\src\traditional\proc\p18F46K22.asm
                   SP2BRG   0x000f75       data     extern C:\MCC18\src\traditional\proc\p18F46K22.asm
                  SP2BRGH   0x000f76       data     extern C:\MCC18\src\traditional\proc\p18F46K22.asm
                    SPBRG   0x000faf       data     extern C:\MCC18\src\traditional\proc\p18F46K22.asm
                   SPBRG1   0x000faf       data     extern C:\MCC18\src\traditional\proc\p18F46K22.asm
               SPBRG1bits   0x000faf       data     extern C:\MCC18\src\traditional\proc\p18F46K22.asm
                   SPBRG2   0x000f75       data     extern C:\MCC18\src\traditional\proc\p18F46K22.asm
                   SPBRGH   0x000fb0       data     extern C:\MCC18\src\traditional\proc\p18F46K22.asm
                  SPBRGH1   0x000fb0       data     extern C:\MCC18\src\traditional\proc\p18F46K22.asm
              SPBRGH1bits   0x000fb0       data     extern C:\MCC18\src\traditional\proc\p18F46K22.asm
                  SPBRGH2   0x000f76       data     extern C:\MCC18\src\traditional\proc\p18F46K22.asm
               SPBRGHbits   0x000fb0       data     extern C:\MCC18\src\traditional\proc\p18F46K22.asm
                SPBRGbits   0x000faf       data     extern C:\MCC18\src\traditional\proc\p18F46K22.asm
                   SRCON0   0x000f47       data     extern C:\MCC18\src\traditional\proc\p18F46K22.asm
               SRCON0bits   0x000f47       data     extern C:\MCC18\src\traditional\proc\p18F46K22.asm
                   SRCON1   0x000f46       data     extern C:\MCC18\src\traditional\proc\p18F46K22.asm
               SRCON1bits   0x000f46       data     extern C:\MCC18\src\traditional\proc\p18F46K22.asm
                  SSP1ADD   0x000fc8       data     extern C:\MCC18\src\traditional\proc\p18F46K22.asm
              SSP1ADDbits   0x000fc8       data     extern C:\MCC18\src\traditional\proc\p18F46K22.asm
                  SSP1BUF   0x000fc9       data     extern C:\MCC18\src\traditional\proc\p18F46K22.asm
              SSP1BUFbits   0x000fc9       data     extern C:\MCC18\src\traditional\proc\p18F46K22.asm
                 SSP1CON1   0x000fc6       data     extern C:\MCC18\src\traditional\proc\p18F46K22.asm
             SSP1CON1bits   0x000fc6       data     extern C:\MCC18\src\traditional\proc\p18F46K22.asm
                 SSP1CON2   0x000fc5       data     extern C:\MCC18\src\traditional\proc\p18F46K22.asm
             SSP1CON2bits   0x000fc5       data     extern C:\MCC18\src\traditional\proc\p18F46K22.asm
                 SSP1CON3   0x000fcb       data     extern C:\MCC18\src\traditional\proc\p18F46K22.asm
             SSP1CON3bits   0x000fcb       data     extern C:\MCC18\src\traditional\proc\p18F46K22.asm
                  SSP1MSK   0x000fca       data     extern C:\MCC18\src\traditional\proc\p18F46K22.asm
              SSP1MSKbits   0x000fca       data     extern C:\MCC18\src\traditional\proc\p18F46K22.asm
                 SSP1STAT   0x000fc7       data     extern C:\MCC18\src\traditional\proc\p18F46K22.asm
             SSP1STATbits   0x000fc7       data     extern C:\MCC18\src\traditional\proc\p18F46K22.asm
                  SSP2ADD   0x000f6e       data     extern C:\MCC18\src\traditional\proc\p18F46K22.asm
                  SSP2BUF   0x000f6f       data     extern C:\MCC18\src\traditional\proc\p18F46K22.asm
                 SSP2CON1   0x000f6c       data     extern C:\MCC18\src\traditional\proc\p18F46K22.asm
             SSP2CON1bits   0x000f6c       data     extern C:\MCC18\src\traditional\proc\p18F46K22.asm
                 SSP2CON2   0x000f6b       data     extern C:\MCC18\src\traditional\proc\p18F46K22.asm
             SSP2CON2bits   0x000f6b       data     extern C:\MCC18\src\traditional\proc\p18F46K22.asm
                 SSP2CON3   0x000f69       data     extern C:\MCC18\src\traditional\proc\p18F46K22.asm
             SSP2CON3bits   0x000f69       data     extern C:\MCC18\src\traditional\proc\p18F46K22.asm
                  SSP2MSK   0x000f6a       data     extern C:\MCC18\src\traditional\proc\p18F46K22.asm
              SSP2MSKbits   0x000f6a       data     extern C:\MCC18\src\traditional\proc\p18F46K22.asm
                 SSP2STAT   0x000f6d       data     extern C:\MCC18\src\traditional\proc\p18F46K22.asm
             SSP2STATbits   0x000f6d       data     extern C:\MCC18\src\traditional\proc\p18F46K22.asm
                   SSPADD   0x000fc8       data     extern C:\MCC18\src\traditional\proc\p18F46K22.asm
               SSPADDbits   0x000fc8       data     extern C:\MCC18\src\traditional\proc\p18F46K22.asm
                   SSPBUF   0x000fc9       data     extern C:\MCC18\src\traditional\proc\p18F46K22.asm
               SSPBUFbits   0x000fc9       data     extern C:\MCC18\src\traditional\proc\p18F46K22.asm
                  SSPCON1   0x000fc6       data     extern C:\MCC18\src\traditional\proc\p18F46K22.asm
              SSPCON1bits   0x000fc6       data     extern C:\MCC18\src\traditional\proc\p18F46K22.asm
                  SSPCON2   0x000fc5       data     extern C:\MCC18\src\traditional\proc\p18F46K22.asm
              SSPCON2bits   0x000fc5       data     extern C:\MCC18\src\traditional\proc\p18F46K22.asm
                  SSPCON3   0x000fcb       data     extern C:\MCC18\src\traditional\proc\p18F46K22.asm
              SSPCON3bits   0x000fcb       data     extern C:\MCC18\src\traditional\proc\p18F46K22.asm
                   SSPMSK   0x000fca       data     extern C:\MCC18\src\traditional\proc\p18F46K22.asm
               SSPMSKbits   0x000fca       data     extern C:\MCC18\src\traditional\proc\p18F46K22.asm
                  SSPSTAT   0x000fc7       data     extern C:\MCC18\src\traditional\proc\p18F46K22.asm
              SSPSTATbits   0x000fc7       data     extern C:\MCC18\src\traditional\proc\p18F46K22.asm
                   STATUS   0x000fd8       data     extern C:\MCC18\src\traditional\proc\p18F46K22.asm
               STATUSbits   0x000fd8       data     extern C:\MCC18\src\traditional\proc\p18F46K22.asm
                   STKPTR   0x000ffc       data     extern C:\MCC18\src\traditional\proc\p18F46K22.asm
               STKPTRbits   0x000ffc       data     extern C:\MCC18\src\traditional\proc\p18F46K22.asm
                    T0CON   0x000fd5       data     extern C:\MCC18\src\traditional\proc\p18F46K22.asm
                T0CONbits   0x000fd5       data     extern C:\MCC18\src\traditional\proc\p18F46K22.asm
                    T1CON   0x000fcd       data     extern C:\MCC18\src\traditional\proc\p18F46K22.asm
                T1CONbits   0x000fcd       data     extern C:\MCC18\src\traditional\proc\p18F46K22.asm
                   T1GCON   0x000fcc       data     extern C:\MCC18\src\traditional\proc\p18F46K22.asm
               T1GCONbits   0x000fcc       data     extern C:\MCC18\src\traditional\proc\p18F46K22.asm
                    T2CON   0x000fba       data     extern C:\MCC18\src\traditional\proc\p18F46K22.asm
                T2CONbits   0x000fba       data     extern C:\MCC18\src\traditional\proc\p18F46K22.asm
                    T3CON   0x000fb1       data     extern C:\MCC18\src\traditional\proc\p18F46K22.asm
                T3CONbits   0x000fb1       data     extern C:\MCC18\src\traditional\proc\p18F46K22.asm
                   T3GCON   0x000fb4       data     extern C:\MCC18\src\traditional\proc\p18F46K22.asm
               T3GCONbits   0x000fb4       data     extern C:\MCC18\src\traditional\proc\p18F46K22.asm
                    T4CON   0x000f51       data     extern C:\MCC18\src\traditional\proc\p18F46K22.asm
                T4CONbits   0x000f51       data     extern C:\MCC18\src\traditional\proc\p18F46K22.asm
                    T5CON   0x000f4e       data     extern C:\MCC18\src\traditional\proc\p18F46K22.asm
                T5CONbits   0x000f4e       data     extern C:\MCC18\src\traditional\proc\p18F46K22.asm
                   T5GCON   0x000f4d       data     extern C:\MCC18\src\traditional\proc\p18F46K22.asm
               T5GCONbits   0x000f4d       data     extern C:\MCC18\src\traditional\proc\p18F46K22.asm
                    T6CON   0x000f4a       data     extern C:\MCC18\src\traditional\proc\p18F46K22.asm
                T6CONbits   0x000f4a       data     extern C:\MCC18\src\traditional\proc\p18F46K22.asm
                   TABLAT   0x000ff5       data     extern C:\MCC18\src\traditional\proc\p18F46K22.asm
                   TBLPTR   0x000ff6       data     extern C:\MCC18\src\traditional\proc\p18F46K22.asm
                  TBLPTRH   0x000ff7       data     extern C:\MCC18\src\traditional\proc\p18F46K22.asm
                  TBLPTRL   0x000ff6       data     extern C:\MCC18\src\traditional\proc\p18F46K22.asm
                  TBLPTRU   0x000ff8       data     extern C:\MCC18\src\traditional\proc\p18F46K22.asm
              TBLPTRUbits   0x000ff8       data     extern C:\MCC18\src\traditional\proc\p18F46K22.asm
                    TMR0H   0x000fd7       data     extern C:\MCC18\src\traditional\proc\p18F46K22.asm
                    TMR0L   0x000fd6       data     extern C:\MCC18\src\traditional\proc\p18F46K22.asm
                    TMR1H   0x000fcf       data     extern C:\MCC18\src\traditional\proc\p18F46K22.asm
                    TMR1L   0x000fce       data     extern C:\MCC18\src\traditional\proc\p18F46K22.asm
                     TMR2   0x000fbc       data     extern C:\MCC18\src\traditional\proc\p18F46K22.asm
                    TMR3H   0x000fb3       data     extern C:\MCC18\src\traditional\proc\p18F46K22.asm
                    TMR3L   0x000fb2       data     extern C:\MCC18\src\traditional\proc\p18F46K22.asm
                     TMR4   0x000f53       data     extern C:\MCC18\src\traditional\proc\p18F46K22.asm
                     TMR5   0x000f4f       data     extern C:\MCC18\src\traditional\proc\p18F46K22.asm
                    TMR5H   0x000f50       data     extern C:\MCC18\src\traditional\proc\p18F46K22.asm
                    TMR5L   0x000f4f       data     extern C:\MCC18\src\traditional\proc\p18F46K22.asm
                     TMR6   0x000f4c       data     extern C:\MCC18\src\traditional\proc\p18F46K22.asm
                      TOS   0x000ffd       data     extern C:\MCC18\src\traditional\proc\p18F46K22.asm
                     TOSH   0x000ffe       data     extern C:\MCC18\src\traditional\proc\p18F46K22.asm
                     TOSL   0x000ffd       data     extern C:\MCC18\src\traditional\proc\p18F46K22.asm
                     TOSU   0x000fff       data     extern C:\MCC18\src\traditional\proc\p18F46K22.asm
                    TRISA   0x000f92       data     extern C:\MCC18\src\traditional\proc\p18F46K22.asm
                TRISAbits   0x000f92       data     extern C:\MCC18\src\traditional\proc\p18F46K22.asm
                    TRISB   0x000f93       data     extern C:\MCC18\src\traditional\proc\p18F46K22.asm
                TRISBbits   0x000f93       data     extern C:\MCC18\src\traditional\proc\p18F46K22.asm
                    TRISC   0x000f94       data     extern C:\MCC18\src\traditional\proc\p18F46K22.asm
                TRISCbits   0x000f94       data     extern C:\MCC18\src\traditional\proc\p18F46K22.asm
                    TRISD   0x000f95       data     extern C:\MCC18\src\traditional\proc\p18F46K22.asm
                TRISDbits   0x000f95       data     extern C:\MCC18\src\traditional\proc\p18F46K22.asm
                    TRISE   0x000f96       data     extern C:\MCC18\src\traditional\proc\p18F46K22.asm
                TRISEbits   0x000f96       data     extern C:\MCC18\src\traditional\proc\p18F46K22.asm
                   TX1REG   0x000fad       data     extern C:\MCC18\src\traditional\proc\p18F46K22.asm
               TX1REGbits   0x000fad       data     extern C:\MCC18\src\traditional\proc\p18F46K22.asm
                   TX1STA   0x000fac       data     extern C:\MCC18\src\traditional\proc\p18F46K22.asm
               TX1STAbits   0x000fac       data     extern C:\MCC18\src\traditional\proc\p18F46K22.asm
                   TX2REG   0x000f73       data     extern C:\MCC18\src\traditional\proc\p18F46K22.asm
                   TX2STA   0x000f72       data     extern C:\MCC18\src\traditional\proc\p18F46K22.asm
               TX2STAbits   0x000f72       data     extern C:\MCC18\src\traditional\proc\p18F46K22.asm
                    TXREG   0x000fad       data     extern C:\MCC18\src\traditional\proc\p18F46K22.asm
                   TXREG1   0x000fad       data     extern C:\MCC18\src\traditional\proc\p18F46K22.asm
               TXREG1bits   0x000fad       data     extern C:\MCC18\src\traditional\proc\p18F46K22.asm
                   TXREG2   0x000f73       data     extern C:\MCC18\src\traditional\proc\p18F46K22.asm
                TXREGbits   0x000fad       data     extern C:\MCC18\src\traditional\proc\p18F46K22.asm
                    TXSTA   0x000fac       data     extern C:\MCC18\src\traditional\proc\p18F46K22.asm
                   TXSTA1   0x000fac       data     extern C:\MCC18\src\traditional\proc\p18F46K22.asm
               TXSTA1bits   0x000fac       data     extern C:\MCC18\src\traditional\proc\p18F46K22.asm
                   TXSTA2   0x000f72       data     extern C:\MCC18\src\traditional\proc\p18F46K22.asm
               TXSTA2bits   0x000f72       data     extern C:\MCC18\src\traditional\proc\p18F46K22.asm
                TXSTAbits   0x000fac       data     extern C:\MCC18\src\traditional\proc\p18F46K22.asm
                     TenK   0x0002e3       data     extern G:\internship\start\Ventilator\Math.c
[...]
                     PIE3   0x000fa3       data     extern C:\MCC18\src\traditional\proc\p18F46K22.asm
                 PIE3bits   0x000fa3       data     extern C:\MCC18\src\traditional\proc\p18F46K22.asm
                 PIR3bits   0x000fa4       data     extern C:\MCC18\src\traditional\proc\p18F46K22.asm
                     PIR3   0x000fa4       data     extern C:\MCC18\src\traditional\proc\p18F46K22.asm
                 IPR3bits   0x000fa5       data     extern C:\MCC18\src\traditional\proc\p18F46K22.asm
                     IPR3   0x000fa5       data     extern C:\MCC18\src\traditional\proc\p18F46K22.asm
                   EECON1   0x000fa6       data     extern C:\MCC18\src\traditional\proc\p18F46K22.asm
               EECON1bits   0x000fa6       data     extern C:\MCC18\src\traditional\proc\p18F46K22.asm
                   EECON2   0x000fa7       data     extern C:\MCC18\src\traditional\proc\p18F46K22.asm
                   EEDATA   0x000fa8       data     extern C:\MCC18\src\traditional\proc\p18F46K22.asm
                    EEADR   0x000fa9       data     extern C:\MCC18\src\traditional\proc\p18F46K22.asm
                EEADRbits   0x000fa9       data     extern C:\MCC18\src\traditional\proc\p18F46K22.asm
                   RC1STA   0x000fab       data     extern C:\MCC18\src\traditional\proc\p18F46K22.asm
               RC1STAbits   0x000fab       data     extern C:\MCC18\src\traditional\proc\p18F46K22.asm
                RCSTAbits   0x000fab       data     extern C:\MCC18\src\traditional\proc\p18F46K22.asm
               RCSTA1bits   0x000fab       data     extern C:\MCC18\src\traditional\proc\p18F46K22.asm
                   RCSTA1   0x000fab       data     extern C:\MCC18\src\traditional\proc\p18F46K22.asm
                    RCSTA   0x000fab       data     extern C:\MCC18\src\traditional\proc\p18F46K22.asm
                    TXSTA   0x000fac       data     extern C:\MCC18\src\traditional\proc\p18F46K22.asm
                   TXSTA1   0x000fac       data     extern C:\MCC18\src\traditional\proc\p18F46K22.asm
               TXSTA1bits   0x000fac       data     extern C:\MCC18\src\traditional\proc\p18F46K22.asm
                   TX1STA   0x000fac       data     extern C:\MCC18\src\traditional\proc\p18F46K22.asm
                TXSTAbits   0x000fac       data     extern C:\MCC18\src\traditional\proc\p18F46K22.asm
               TX1STAbits   0x000fac       data     extern C:\MCC18\src\traditional\proc\p18F46K22.asm
                TXREGbits   0x000fad       data     extern C:\MCC18\src\traditional\proc\p18F46K22.asm
               TXREG1bits   0x000fad       data     extern C:\MCC18\src\traditional\proc\p18F46K22.asm
                   TXREG1   0x000fad       data     extern C:\MCC18\src\traditional\proc\p18F46K22.asm
                    TXREG   0x000fad       data     extern C:\MCC18\src\traditional\proc\p18F46K22.asm
                   TX1REG   0x000fad       data     extern C:\MCC18\src\traditional\proc\p18F46K22.asm
               TX1REGbits   0x000fad       data     extern C:\MCC18\src\traditional\proc\p18F46K22.asm
                   RC1REG   0x000fae       data     extern C:\MCC18\src\traditional\proc\p18F46K22.asm
               RC1REGbits   0x000fae       data     extern C:\MCC18\src\traditional\proc\p18F46K22.asm
                RCREGbits   0x000fae       data     extern C:\MCC18\src\traditional\proc\p18F46K22.asm
               RCREG1bits   0x000fae       data     extern C:\MCC18\src\traditional\proc\p18F46K22.asm
                   RCREG1   0x000fae       data     extern C:\MCC18\src\traditional\proc\p18F46K22.asm
                    RCREG   0x000fae       data     extern C:\MCC18\src\traditional\proc\p18F46K22.asm
               SPBRG1bits   0x000faf       data     extern C:\MCC18\src\traditional\proc\p18F46K22.asm
                SPBRGbits   0x000faf       data     extern C:\MCC18\src\traditional\proc\p18F46K22.asm
                   SP1BRG   0x000faf       data     extern C:\MCC18\src\traditional\proc\p18F46K22.asm
                   SPBRG1   0x000faf       data     extern C:\MCC18\src\traditional\proc\p18F46K22.asm
                    SPBRG   0x000faf       data     extern C:\MCC18\src\traditional\proc\p18F46K22.asm
               SP1BRGbits   0x000faf       data     extern C:\MCC18\src\traditional\proc\p18F46K22.asm
                   SPBRGH   0x000fb0       data     extern C:\MCC18\src\traditional\proc\p18F46K22.asm
                  SPBRGH1   0x000fb0       data     extern C:\MCC18\src\traditional\proc\p18F46K22.asm
              SP1BRGHbits   0x000fb0       data     extern C:\MCC18\src\traditional\proc\p18F46K22.asm
                  SP1BRGH   0x000fb0       data     extern C:\MCC18\src\traditional\proc\p18F46K22.asm
               SPBRGHbits   0x000fb0       data     extern C:\MCC18\src\traditional\proc\p18F46K22.asm
              SPBRGH1bits   0x000fb0       data     extern C:\MCC18\src\traditional\proc\p18F46K22.asm
                T3CONbits   0x000fb1       data     extern C:\MCC18\src\traditional\proc\p18F46K22.asm
                    T3CON   0x000fb1       data     extern C:\MCC18\src\traditional\proc\p18F46K22.asm
                    TMR3L   0x000fb2       data     extern C:\MCC18\src\traditional\proc\p18F46K22.asm
                    TMR3H   0x000fb3       data     extern C:\MCC18\src\traditional\proc\p18F46K22.asm
               T3GCONbits   0x000fb4       data     extern C:\MCC18\src\traditional\proc\p18F46K22.asm
                   T3GCON   0x000fb4       data     extern C:\MCC18\src\traditional\proc\p18F46K22.asm
                  ECCP1AS   0x000fb6       data     extern C:\MCC18\src\traditional\proc\p18F46K22.asm
              ECCP1ASbits   0x000fb6       data     extern C:\MCC18\src\traditional\proc\p18F46K22.asm
                   ECCPAS   0x000fb6       data     extern C:\MCC18\src\traditional\proc\p18F46K22.asm
               ECCPASbits   0x000fb6       data     extern C:\MCC18\src\traditional\proc\p18F46K22.asm
                  PWM1CON   0x000fb7       data     extern C:\MCC18\src\traditional\proc\p18F46K22.asm
              PWM1CONbits   0x000fb7       data     extern C:\MCC18\src\traditional\proc\p18F46K22.asm
                   PWMCON   0x000fb7       data     extern C:\MCC18\src\traditional\proc\p18F46K22.asm
               PWMCONbits   0x000fb7       data     extern C:\MCC18\src\traditional\proc\p18F46K22.asm
              BAUDCTLbits   0x000fb8       data     extern C:\MCC18\src\traditional\proc\p18F46K22.asm
                  BAUDCTL   0x000fb8       data     extern C:\MCC18\src\traditional\proc\p18F46K22.asm
              BAUDCONbits   0x000fb8       data     extern C:\MCC18\src\traditional\proc\p18F46K22.asm
             BAUDCON1bits   0x000fb8       data     extern C:\MCC18\src\traditional\proc\p18F46K22.asm
                 BAUDCON1   0x000fb8       data     extern C:\MCC18\src\traditional\proc\p18F46K22.asm
                  BAUDCON   0x000fb8       data     extern C:\MCC18\src\traditional\proc\p18F46K22.asm
             BAUD1CONbits   0x000fb8       data     extern C:\MCC18\src\traditional\proc\p18F46K22.asm
                 BAUD1CON   0x000fb8       data     extern C:\MCC18\src\traditional\proc\p18F46K22.asm
             PSTR1CONbits   0x000fb9       data     extern C:\MCC18\src\traditional\proc\p18F46K22.asm
                  PSTRCON   0x000fb9       data     extern C:\MCC18\src\traditional\proc\p18F46K22.asm
              PSTRCONbits   0x000fb9       data     extern C:\MCC18\src\traditional\proc\p18F46K22.asm
                 PSTR1CON   0x000fb9       data     extern C:\MCC18\src\traditional\proc\p18F46K22.asm
                    T2CON   0x000fba       data     extern C:\MCC18\src\traditional\proc\p18F46K22.asm
                T2CONbits   0x000fba       data     extern C:\MCC18\src\traditional\proc\p18F46K22.asm
                      PR2   0x000fbb       data     extern C:\MCC18\src\traditional\proc\p18F46K22.asm
                     TMR2   0x000fbc       data     extern C:\MCC18\src\traditional\proc\p18F46K22.asm
                  CCP1CON   0x000fbd       data     extern C:\MCC18\src\traditional\proc\p18F46K22.asm
              CCP1CONbits   0x000fbd       data     extern C:\MCC18\src\traditional\proc\p18F46K22.asm
                    CCPR1   0x000fbe       data     extern C:\MCC18\src\traditional\proc\p18F46K22.asm
                   CCPR1L   0x000fbe       data     extern C:\MCC18\src\traditional\proc\p18F46K22.asm
                   CCPR1H   0x000fbf       data     extern C:\MCC18\src\traditional\proc\p18F46K22.asm
               ADCON2bits   0x000fc0       data     extern C:\MCC18\src\traditional\proc\p18F46K22.asm
                   ADCON2   0x000fc0       data     extern C:\MCC18\src\traditional\proc\p18F46K22.asm
                   ADCON1   0x000fc1       data     extern C:\MCC18\src\traditional\proc\p18F46K22.asm
               ADCON1bits   0x000fc1       data     extern C:\MCC18\src\traditional\proc\p18F46K22.asm
                   ADCON0   0x000fc2       data     extern C:\MCC18\src\traditional\proc\p18F46K22.asm
               ADCON0bits   0x000fc2       data     extern C:\MCC18\src\traditional\proc\p18F46K22.asm
                   ADRESL   0x000fc3       data     extern C:\MCC18\src\traditional\proc\p18F46K22.asm
                    ADRES   0x000fc3       data     extern C:\MCC18\src\traditional\proc\p18F46K22.asm
                   ADRESH   0x000fc4       data     extern C:\MCC18\src\traditional\proc\p18F46K22.asm
                 SSP1CON2   0x000fc5       data     extern C:\MCC18\src\traditional\proc\p18F46K22.asm
             SSP1CON2bits   0x000fc5       data     extern C:\MCC18\src\traditional\proc\p18F46K22.asm
                  SSPCON2   0x000fc5       data     extern C:\MCC18\src\traditional\proc\p18F46K22.asm
              SSPCON2bits   0x000fc5       data     extern C:\MCC18\src\traditional\proc\p18F46K22.asm
             SSP1CON1bits   0x000fc6       data     extern C:\MCC18\src\traditional\proc\p18F46K22.asm
                 SSP1CON1   0x000fc6       data     extern C:\MCC18\src\traditional\proc\p18F46K22.asm
                  SSPCON1   0x000fc6       data     extern C:\MCC18\src\traditional\proc\p18F46K22.asm
              SSPCON1bits   0x000fc6       data     extern C:\MCC18\src\traditional\proc\p18F46K22.asm
              SSPSTATbits   0x000fc7       data     extern C:\MCC18\src\traditional\proc\p18F46K22.asm
                  SSPSTAT   0x000fc7       data     extern C:\MCC18\src\traditional\proc\p18F46K22.asm
                 SSP1STAT   0x000fc7       data     extern C:\MCC18\src\traditional\proc\p18F46K22.asm
             SSP1STATbits   0x000fc7       data     extern C:\MCC18\src\traditional\proc\p18F46K22.asm
               SSPADDbits   0x000fc8       data     extern C:\MCC18\src\traditional\proc\p18F46K22.asm
                   SSPADD   0x000fc8       data     extern C:\MCC18\src\traditional\proc\p18F46K22.asm
              SSP1ADDbits   0x000fc8       data     extern C:\MCC18\src\traditional\proc\p18F46K22.asm
                  SSP1ADD   0x000fc8       data     extern C:\MCC18\src\traditional\proc\p18F46K22.asm
               SSPBUFbits   0x000fc9       data     extern C:\MCC18\src\traditional\proc\p18F46K22.asm
                   SSPBUF   0x000fc9       data     extern C:\MCC18\src\traditional\proc\p18F46K22.asm
              SSP1BUFbits   0x000fc9       data     extern C:\MCC18\src\traditional\proc\p18F46K22.asm
                  SSP1BUF   0x000fc9       data     extern C:\MCC18\src\traditional\proc\p18F46K22.asm
              SSP1MSKbits   0x000fca       data     extern C:\MCC18\src\traditional\proc\p18F46K22.asm
                  SSP1MSK   0x000fca       data     extern C:\MCC18\src\traditional\proc\p18F46K22.asm
               SSPMSKbits   0x000fca       data     extern C:\MCC18\src\traditional\proc\p18F46K22.asm
                   SSPMSK   0x000fca       data     extern C:\MCC18\src\traditional\proc\p18F46K22.asm
              SSPCON3bits   0x000fcb       data     extern C:\MCC18\src\traditional\proc\p18F46K22.asm
                  SSPCON3   0x000fcb       data     extern C:\MCC18\src\traditional\proc\p18F46K22.asm
                 SSP1CON3   0x000fcb       data     extern C:\MCC18\src\traditional\proc\p18F46K22.asm
             SSP1CON3bits   0x000fcb       data     extern C:\MCC18\src\traditional\proc\p18F46K22.asm
                   T1GCON   0x000fcc       data     extern C:\MCC18\src\traditional\proc\p18F46K22.asm
               T1GCONbits   0x000fcc       data     extern C:\MCC18\src\traditional\proc\p18F46K22.asm
                    T1CON   0x000fcd       data     extern C:\MCC18\src\traditional\proc\p18F46K22.asm
                T1CONbits   0x000fcd       data     extern C:\MCC18\src\traditional\proc\p18F46K22.asm
                    TMR1L   0x000fce       data     extern C:\MCC18\src\traditional\proc\p18F46K22.asm
                    TMR1H   0x000fcf       data     extern C:\MCC18\src\traditional\proc\p18F46K22.asm
                     RCON   0x000fd0       data     extern C:\MCC18\src\traditional\proc\p18F46K22.asm
                 RCONbits   0x000fd0       data     extern C:\MCC18\src\traditional\proc\p18F46K22.asm
               WDTCONbits   0x000fd1       data     extern C:\MCC18\src\traditional\proc\p18F46K22.asm
                   WDTCON   0x000fd1       data     extern C:\MCC18\src\traditional\proc\p18F46K22.asm
              OSCCON2bits   0x000fd2       data     extern C:\MCC18\src\traditional\proc\p18F46K22.asm
                  OSCCON2   0x000fd2       data     extern C:\MCC18\src\traditional\proc\p18F46K22.asm
               OSCCONbits   0x000fd3       data     extern C:\MCC18\src\traditional\proc\p18F46K22.asm
                   OSCCON   0x000fd3       data     extern C:\MCC18\src\traditional\proc\p18F46K22.asm
                T0CONbits   0x000fd5       data     extern C:\MCC18\src\traditional\proc\p18F46K22.asm
                    T0CON   0x000fd5       data     extern C:\MCC18\src\traditional\proc\p18F46K22.asm
                    TMR0L   0x000fd6       data     extern C:\MCC18\src\traditional\proc\p18F46K22.asm
                    TMR0H   0x000fd7       data     extern C:\MCC18\src\traditional\proc\p18F46K22.asm
               STATUSbits   0x000fd8       data     extern C:\MCC18\src\traditional\proc\p18F46K22.asm
                   STATUS   0x000fd8       data     extern C:\MCC18\src\traditional\proc\p18F46K22.asm
                     FSR2   0x000fd9       data     extern C:\MCC18\src\traditional\proc\p18F46K22.asm
                    FSR2L   0x000fd9       data     extern C:\MCC18\src\traditional\proc\p18F46K22.asm
                    FSR2H   0x000fda       data     extern C:\MCC18\src\traditional\proc\p18F46K22.asm
                   PLUSW2   0x000fdb       data     extern C:\MCC18\src\traditional\proc\p18F46K22.asm
                  PREINC2   0x000fdc       data     extern C:\MCC18\src\traditional\proc\p18F46K22.asm
                 POSTDEC2   0x000fdd       data     extern C:\MCC18\src\traditional\proc\p18F46K22.asm
                 POSTINC2   0x000fde       data     extern C:\MCC18\src\traditional\proc\p18F46K22.asm
                    INDF2   0x000fdf       data     extern C:\MCC18\src\traditional\proc\p18F46K22.asm
                      BSR   0x000fe0       data     extern C:\MCC18\src\traditional\proc\p18F46K22.asm
                     FSR1   0x000fe1       data     extern C:\MCC18\src\traditional\proc\p18F46K22.asm
                    FSR1L   0x000fe1       data     extern C:\MCC18\src\traditional\proc\p18F46K22.asm
                    FSR1H   0x000fe2       data     extern C:\MCC18\src\traditional\proc\p18F46K22.asm
                   PLUSW1   0x000fe3       data     extern C:\MCC18\src\traditional\proc\p18F46K22.asm
                  PREINC1   0x000fe4       data     extern C:\MCC18\src\traditional\proc\p18F46K22.asm
                 POSTDEC1   0x000fe5       data     extern C:\MCC18\src\traditional\proc\p18F46K22.asm
                 POSTINC1   0x000fe6       data     extern C:\MCC18\src\traditional\proc\p18F46K22.asm
                    INDF1   0x000fe7       data     extern C:\MCC18\src\traditional\proc\p18F46K22.asm
                        W   0x000fe8       data     extern C:\MCC18\src\traditional\proc\p18F46K22.asm
                     WREG   0x000fe8       data     extern C:\MCC18\src\traditional\proc\p18F46K22.asm
                     FSR0   0x000fe9       data     extern C:\MCC18\src\traditional\proc\p18F46K22.asm
                    FSR0L   0x000fe9       data     extern C:\MCC18\src\traditional\proc\p18F46K22.asm
                    FSR0H   0x000fea       data     extern C:\MCC18\src\traditional\proc\p18F46K22.asm
                   PLUSW0   0x000feb       data     extern C:\MCC18\src\traditional\proc\p18F46K22.asm
                  PREINC0   0x000fec       data     extern C:\MCC18\src\traditional\proc\p18F46K22.asm
                 POSTDEC0   0x000fed       data     extern C:\MCC18\src\traditional\proc\p18F46K22.asm
                 POSTINC0   0x000fee       data     extern C:\MCC18\src\traditional\proc\p18F46K22.asm
                    INDF0   0x000fef       data     extern C:\MCC18\src\traditional\proc\p18F46K22.asm
                  INTCON3   0x000ff0       data     extern C:\MCC18\src\traditional\proc\p18F46K22.asm
              INTCON3bits   0x000ff0       data     extern C:\MCC18\src\traditional\proc\p18F46K22.asm
                  INTCON2   0x000ff1       data     extern C:\MCC18\src\traditional\proc\p18F46K22.asm
              INTCON2bits   0x000ff1       data     extern C:\MCC18\src\traditional\proc\p18F46K22.asm
                   INTCON   0x000ff2       data     extern C:\MCC18\src\traditional\proc\p18F46K22.asm
               INTCONbits   0x000ff2       data     extern C:\MCC18\src\traditional\proc\p18F46K22.asm
                     PROD   0x000ff3       data     extern C:\MCC18\src\traditional\proc\p18F46K22.asm
                    PRODL   0x000ff3       data     extern C:\MCC18\src\traditional\proc\p18F46K22.asm
                    PRODH   0x000ff4       data     extern C:\MCC18\src\traditional\proc\p18F46K22.asm
                   TABLAT   0x000ff5       data     extern C:\MCC18\src\traditional\proc\p18F46K22.asm
                  TBLPTRL   0x000ff6       data     extern C:\MCC18\src\traditional\proc\p18F46K22.asm
                   TBLPTR   0x000ff6       data     extern C:\MCC18\src\traditional\proc\p18F46K22.asm
                  TBLPTRH   0x000ff7       data     extern C:\MCC18\src\traditional\proc\p18F46K22.asm
              TBLPTRUbits   0x000ff8       data     extern C:\MCC18\src\traditional\proc\p18F46K22.asm
                  TBLPTRU   0x000ff8       data     extern C:\MCC18\src\traditional\proc\p18F46K22.asm
                      PCL   0x000ff9       data     extern C:\MCC18\src\traditional\proc\p18F46K22.asm
                       PC   0x000ff9       data     extern C:\MCC18\src\traditional\proc\p18F46K22.asm
                   PCLATH   0x000ffa       data     extern C:\MCC18\src\traditional\proc\p18F46K22.asm
                   PCLATU   0x000ffb       data     extern C:\MCC18\src\traditional\proc\p18F46K22.asm
               STKPTRbits   0x000ffc       data     extern C:\MCC18\src\traditional\proc\p18F46K22.asm
                   STKPTR   0x000ffc       data     extern C:\MCC18\src\traditional\proc\p18F46K22.asm
                      TOS   0x000ffd       data     extern C:\MCC18\src\traditional\proc\p18F46K22.asm
                     TOSL   0x000ffd       data     extern C:\MCC18\src\traditional\proc\p18F46K22.asm
                     TOSH   0x000ffe       data     extern C:\MCC18\src\traditional\proc\p18F46K22.asm
                     TOSU   0x000fff       data     extern C:\MCC18\src\traditional\proc\p18F46K22.asm


